10.9064 	INFO 	Loaded monitor calibration from ['2026_03_20 09:58']
11.2592 	INFO 	Using renderer 'NVIDIA GeForce RTX 4060 Laptop GPU/PCIe/SSE2' for graphics
11.2592 	INFO 	OpenGL version supported by driver is 4..
11.2893 	EXP 	Created window1 = Window(allowGUI=False, allowStencil=False, autoLog=True, backendConf=UNKNOWN, backgroundFit=<method-wrapper '__getattribute__' of attributeSetter object at 0x00000187A04EEEC0>, backgroundImage=<method-wrapper '__getattribute__' of attributeSetter object at 0x00000187A04EEE60>, bitsMode=UNKNOWN, blendMode='avg', bpc=(8, 8, 8), color=array([-1., -1., -1.]), colorSpace='rgb', depthBits=8, fullscr=True, gamma=None, gammaErrorPolicy='raise', infoMsg=UNKNOWN, lms=UNKNOWN, monitor=<psychopy.monitors.calibTools.Monitor object at 0x00000187A28AB670>, multiSample=False, name='window1', numSamples=2, pos=[np.float64(0.0), np.float64(0.0)], screen=0, size=array([1920, 1080]), stencilBits=0, stereo=False, title='PsychoPy', units='height', useFBO=True, useRetina=False, viewOri=0.0, viewPos=None, viewScale=None, waitBlanking=True, winType='pyglet')
11.2894 	EXP 	window1: backgroundImage = ''
11.2894 	EXP 	window1: backgroundFit = 'none'
11.7995 	EXP 	window1: Attempting to measure frame rate of screen (0) ...
11.7996 	EXP 	window1: recordFrameIntervals = False
11.9475 	EXP 	window1: recordFrameIntervals = True
12.6392 	EXP 	window1: recordFrameIntervals = False
12.6392 	EXP 	Screen (0) actual frame rate measured at 143.04Hz
15.6981 	INFO 	keyboard.Keyboard is using iohub backend.
15.6981 	EXP 	categorizacion_emocional: status = STARTED
15.9859 	EXP 	Created instructioness_txt = TextStim(__class__=<class 'psychopy.visual.text.TextStim'>, alignHoriz=method-wrapper(...), alignText='center', alignVert=method-wrapper(...), anchorHoriz='center', anchorVert='center', antialias=True, autoDraw=False, autoLog=True, bold=False, color=array([1., 1., 1.]), colorSpace='rgb', contrast=1.0, depth=0.0, draggable=False, flipHoriz=False, flipVert=False, font='Arial', fontFiles=[], height=np.float64(0.04), italic=False, languageStyle='LTR', name='instructioness_txt', opacity=1, ori=0.0, pos=array([0., 0.]), rgb=UNKNOWN, text=str(...), units='height', win=Window(...), wrapWidth=1)
16.0188 	EXP 	Created inicio_fase_practica_txt = TextStim(__class__=<class 'psychopy.visual.text.TextStim'>, alignHoriz=method-wrapper(...), alignText='center', alignVert=method-wrapper(...), anchorHoriz='center', anchorVert='center', antialias=True, autoDraw=False, autoLog=True, bold=False, color=array([1., 1., 1.]), colorSpace='rgb', contrast=1.0, depth=0.0, draggable=False, flipHoriz=False, flipVert=False, font='Arial', fontFiles=[], height=np.float64(0.05), italic=False, languageStyle='LTR', name='inicio_fase_practica_txt', opacity=1, ori=0.0, pos=array([0., 0.]), rgb=UNKNOWN, text=str(...), units='height', win=Window(...), wrapWidth=1)
16.0224 	EXP 	Created fix_cross_practice = ShapeStim(__class__=<class 'psychopy.visual.shape.ShapeStim'>, anchor=('center', 'center'), autoDraw=False, autoLog=True, closeShape=True, color=method-wrapper(...), colorSpace='rgb', contrast=None, depth=0.0, draggable=False, fillColor=array([1, 1, 1]), fillColorSpace='rgb', fillRGB=array([1, 1, 1]), interpolate=True, lineColor=array([1., 1., 1.]), lineColorSpace='rgb', lineRGB=array([1, 1, 1]), lineWidth=1.0, name='fix_cross_practice', opacity=1, ori=0.0, pos=array([0., 0.]), size=array([0.05, 0.05]), units='height', vertices=ndarray(...), win=Window(...), windingRule=None)
16.0242 	EXP 	Created palabra_txt = TextStim(__class__=<class 'psychopy.visual.text.TextStim'>, alignHoriz=method-wrapper(...), alignText='center', alignVert=method-wrapper(...), anchorHoriz='center', anchorVert='center', antialias=True, autoDraw=False, autoLog=True, bold=False, color=array([1., 1., 1.]), colorSpace='rgb', contrast=1.0, depth=-1.0, draggable=False, flipHoriz=False, flipVert=False, font='Arial', fontFiles=[], height=0.08, italic=False, languageStyle='LTR', name='palabra_txt', opacity=1, ori=0.0, pos=array([0., 0.]), rgb=UNKNOWN, text='', units='height', win=Window(...), wrapWidth=1)
16.0259 	EXP 	Created feedback_txt = TextStim(__class__=<class 'psychopy.visual.text.TextStim'>, alignHoriz=method-wrapper(...), alignText='center', alignVert=method-wrapper(...), anchorHoriz='center', anchorVert='center', antialias=True, autoDraw=False, autoLog=True, bold=False, color=array([1., 1., 1.]), colorSpace='rgb', contrast=1.0, depth=-1.0, draggable=False, flipHoriz=False, flipVert=False, font='Arial', fontFiles=[], height=0.07, italic=False, languageStyle='LTR', name='feedback_txt', opacity=1, ori=0.0, pos=array([0., 0.]), rgb=UNKNOWN, text='', units='height', win=Window(...), wrapWidth=1)
16.0417 	EXP 	Created fin_fase_practica_txt = TextStim(__class__=<class 'psychopy.visual.text.TextStim'>, alignHoriz=method-wrapper(...), alignText='center', alignVert=method-wrapper(...), anchorHoriz='center', anchorVert='center', antialias=True, autoDraw=False, autoLog=True, bold=False, color=array([1., 1., 1.]), colorSpace='rgb', contrast=1.0, depth=0.0, draggable=False, flipHoriz=False, flipVert=False, font='Arial', fontFiles=[], height=np.float64(0.05), italic=False, languageStyle='LTR', name='fin_fase_practica_txt', opacity=1, ori=0.0, pos=array([0., 0.]), rgb=UNKNOWN, text=str(...), units='height', win=Window(...), wrapWidth=1)
16.0448 	EXP 	Created descanso_txt = TextStim(__class__=<class 'psychopy.visual.text.TextStim'>, alignHoriz=method-wrapper(...), alignText='center', alignVert=method-wrapper(...), anchorHoriz='center', anchorVert='center', antialias=True, autoDraw=False, autoLog=True, bold=False, color=array([1., 1., 1.]), colorSpace='rgb', contrast=1.0, depth=0.0, draggable=False, flipHoriz=False, flipVert=False, font='Arial', fontFiles=[], height=np.float64(0.05), italic=False, languageStyle='LTR', name='descanso_txt', opacity=1, ori=0.0, pos=array([0., 0.]), rgb=UNKNOWN, text='Fase de descanso\n', units='height', win=Window(...), wrapWidth=1)
16.0568 	EXP 	Created inicio_fase_experimental_txt = TextStim(__class__=<class 'psychopy.visual.text.TextStim'>, alignHoriz=method-wrapper(...), alignText='center', alignVert=method-wrapper(...), anchorHoriz='center', anchorVert='center', antialias=True, autoDraw=False, autoLog=True, bold=False, color=array([1., 1., 1.]), colorSpace='rgb', contrast=1.0, depth=0.0, draggable=False, flipHoriz=False, flipVert=False, font='Arial', fontFiles=[], height=np.float64(0.05), italic=False, languageStyle='LTR', name='inicio_fase_experimental_txt', opacity=1, ori=0.0, pos=array([0., 0.]), rgb=UNKNOWN, text=str(...), units='height', win=Window(...), wrapWidth=1)
16.0593 	EXP 	Created fix_cross_experimental = ShapeStim(__class__=<class 'psychopy.visual.shape.ShapeStim'>, anchor=('center', 'center'), autoDraw=False, autoLog=True, closeShape=True, color=method-wrapper(...), colorSpace='rgb', contrast=None, depth=0.0, draggable=False, fillColor=array([1, 1, 1]), fillColorSpace='rgb', fillRGB=array([1, 1, 1]), interpolate=True, lineColor=array([1., 1., 1.]), lineColorSpace='rgb', lineRGB=array([1, 1, 1]), lineWidth=1.0, name='fix_cross_experimental', opacity=1, ori=0.0, pos=array([0., 0.]), size=array([0.05, 0.05]), units='height', vertices=ndarray(...), win=Window(...), windingRule=None)
16.0670 	EXP 	Created imagen_experiemental = ImageStim(__class__=<class 'psychopy.visual.image.ImageStim'>, anchor=('center', 'center'), autoLog=True, color=array([1., 1., 1.]), colorSpace='rgb', contrast=1.0, depth=-1.0, draggable=False, flipHoriz=np.False_, flipVert=np.False_, image='default.png', interpolate=True, mask=None, maskParams=None, name='imagen_experiemental', opacity=1, ori=0.0, pos=array([0., 0.]), size=array([0.23703704, 0.23703704]), texRes=128.0, units='height', win=Window(...))
16.0684 	EXP 	Created iti_txt = TextStim(__class__=<class 'psychopy.visual.text.TextStim'>, alignHoriz=method-wrapper(...), alignText='center', alignVert=method-wrapper(...), anchorHoriz='center', anchorVert='center', antialias=True, autoDraw=False, autoLog=True, bold=False, color=array([1., 1., 1.]), colorSpace='rgb', contrast=1.0, depth=0.0, draggable=False, flipHoriz=False, flipVert=False, font='Arial', fontFiles=[], height=np.float64(0.05), italic=False, languageStyle='LTR', name='iti_txt', opacity=1, ori=0.0, pos=array([0., 0.]), rgb=UNKNOWN, text='', units='height', win=Window(...), wrapWidth=1)
16.0733 	EXP 	Created fin_experimento_txt = TextStim(__class__=<class 'psychopy.visual.text.TextStim'>, alignHoriz=method-wrapper(...), alignText='center', alignVert=method-wrapper(...), anchorHoriz='center', anchorVert='center', antialias=True, autoDraw=False, autoLog=True, bold=False, color=array([1., 1., 1.]), colorSpace='rgb', contrast=1.0, depth=0.0, draggable=False, flipHoriz=False, flipVert=False, font='Arial', fontFiles=[], height=np.float64(0.05), italic=False, languageStyle='LTR', name='fin_experimento_txt', opacity=1, ori=0.0, pos=array([0., 0.]), rgb=UNKNOWN, text=str(...), units='height', win=Window(...), wrapWidth=1)
0.0070 	INFO 	Keyboard events cleared
0.0065 	EXP 	instructioness_txt: autoDraw = True
1.3122 	EXP 	Device response: <KeyPress from None: t=1.3015220000088448, value=space, duration=None>
1.3155 	DATA 	Keypress: space
1.3177 	INFO 	Keyboard events cleared
1.3171 	EXP 	instructioness_txt: autoDraw = False
1.3171 	EXP 	inicio_fase_practica_txt: autoDraw = True
1.3353 	EXP 	Device response: <KeyPress from None: t=1.3015220000088448, value=space, duration=0.03180489999067504>
1.6838 	EXP 	Device response: <KeyPress from None: t=1.6772436000028392, value=space, duration=None>
1.6920 	EXP 	Imported condiciones_practica.xlsx as conditions, 12 conditions, 4 params
1.6925 	EXP 	New trial (rep=0, index=0): <Trial 0 (0 in rep 0) data={'id_p': 4, 'palabra_p': 'TRISTEZA', 'emocion_p': 'tristeza', 'tecla_correcta_p': 'g', 'thisN': 0, 'thisTrialN': 0, 'thisRepN': 0}>
1.7026 	DATA 	Keypress: space
1.7055 	EXP 	inicio_fase_practica_txt: autoDraw = False
1.7055 	EXP 	palabra_txt: height = np.float64(0.08)
1.7055 	EXP 	palabra_txt: height = np.float64(0.08)
1.7055 	EXP 	palabra_txt: height = np.float64(0.08)
1.7055 	EXP 	palabra_txt: text = 'TRISTEZA'
1.7055 	EXP 	fix_cross_practice: autoDraw = True
1.8321 	EXP 	Device response: <KeyPress from None: t=1.6772436000028392, value=space, duration=0.14747999999963213>
2.1808 	INFO 	Keyboard events cleared
2.1799 	EXP 	palabra_txt: autoDraw = True
2.2008 	EXP 	fix_cross_practice: autoDraw = False
3.5126 	EXP 	Device response: <KeyPress from None: t=3.5067784999992, value=j, duration=None>
3.5257 	DATA 	Keypress: j
3.5268 	EXP 	fix_cross_practice: autoDraw = False
3.5268 	EXP 	palabra_txt: autoDraw = False
3.5268 	EXP 	feedback_txt: height = np.float64(0.07)
3.5268 	EXP 	feedback_txt: height = np.float64(0.07)
3.5268 	EXP 	feedback_txt: height = np.float64(0.07)
3.5268 	EXP 	feedback_txt: text = 'Incorrecto'
3.5268 	EXP 	feedback_txt: autoDraw = True
3.6048 	EXP 	Device response: <KeyPress from None: t=3.5067784999992, value=j, duration=0.09202840000216383>
4.5107 	EXP 	New trial (rep=0, index=1): <Trial 1 (1 in rep 0) data={'id_p': 1, 'palabra_p': 'ALEGRÍA', 'emocion_p': 'alegria', 'tecla_correcta_p': 'f', 'thisN': 1, 'thisTrialN': 1, 'thisRepN': 0}>
4.5175 	EXP 	feedback_txt: autoDraw = False
4.5175 	EXP 	feedback_txt: autoDraw = False
4.5175 	EXP 	palabra_txt: height = np.float64(0.08)
4.5175 	EXP 	palabra_txt: height = np.float64(0.08)
4.5175 	EXP 	palabra_txt: height = np.float64(0.08)
4.5175 	EXP 	palabra_txt: text = 'ALEGRÍA'
4.5175 	EXP 	fix_cross_practice: autoDraw = True
5.0061 	INFO 	Keyboard events cleared
5.0054 	EXP 	palabra_txt: autoDraw = True
5.0124 	EXP 	fix_cross_practice: autoDraw = False
5.8986 	EXP 	Device response: <KeyPress from None: t=5.893128700001398, value=f, duration=None>
5.9065 	DATA 	Keypress: f
5.9077 	EXP 	fix_cross_practice: autoDraw = False
5.9077 	EXP 	palabra_txt: autoDraw = False
5.9077 	EXP 	feedback_txt: height = np.float64(0.07)
5.9077 	EXP 	feedback_txt: height = np.float64(0.07)
5.9077 	EXP 	feedback_txt: height = np.float64(0.07)
5.9077 	EXP 	feedback_txt: text = '¡Correcto!'
5.9077 	EXP 	feedback_txt: autoDraw = True
6.0120 	EXP 	Device response: <KeyPress from None: t=5.893128700001398, value=f, duration=0.11690490000182763>
6.8962 	EXP 	New trial (rep=0, index=2): <Trial 2 (2 in rep 0) data={'id_p': 12, 'palabra_p': 'MIEDO', 'emocion_p': 'miedo', 'tecla_correcta_p': 'j', 'thisN': 2, 'thisTrialN': 2, 'thisRepN': 0}>
6.9064 	EXP 	feedback_txt: autoDraw = False
6.9064 	EXP 	feedback_txt: autoDraw = False
6.9064 	EXP 	palabra_txt: height = np.float64(0.08)
6.9064 	EXP 	palabra_txt: height = np.float64(0.08)
6.9064 	EXP 	palabra_txt: height = np.float64(0.08)
6.9064 	EXP 	palabra_txt: text = 'MIEDO'
6.9064 	EXP 	fix_cross_practice: autoDraw = True
7.3912 	INFO 	Keyboard events cleared
7.3904 	EXP 	palabra_txt: autoDraw = True
7.3973 	EXP 	fix_cross_practice: autoDraw = False
8.7246 	EXP 	Device response: <KeyPress from None: t=8.723486900009448, value=g, duration=None>
8.7260 	DATA 	Keypress: g
8.7361 	EXP 	fix_cross_practice: autoDraw = False
8.7361 	EXP 	palabra_txt: autoDraw = False
8.7361 	EXP 	feedback_txt: height = np.float64(0.07)
8.7361 	EXP 	feedback_txt: height = np.float64(0.07)
8.7361 	EXP 	feedback_txt: height = np.float64(0.07)
8.7361 	EXP 	feedback_txt: text = 'Incorrecto'
8.7361 	EXP 	feedback_txt: autoDraw = True
8.8348 	EXP 	Device response: <KeyPress from None: t=8.723486900009448, value=g, duration=0.10424849999253638>
9.7198 	EXP 	New trial (rep=0, index=3): <Trial 3 (3 in rep 0) data={'id_p': 6, 'palabra_p': 'TRISTEZA', 'emocion_p': 'tristeza', 'tecla_correcta_p': 'g', 'thisN': 3, 'thisTrialN': 3, 'thisRepN': 0}>
9.7263 	EXP 	feedback_txt: autoDraw = False
9.7263 	EXP 	feedback_txt: autoDraw = False
9.7263 	EXP 	palabra_txt: height = np.float64(0.08)
9.7263 	EXP 	palabra_txt: height = np.float64(0.08)
9.7263 	EXP 	palabra_txt: height = np.float64(0.08)
9.7263 	EXP 	palabra_txt: text = 'TRISTEZA'
9.7263 	EXP 	fix_cross_practice: autoDraw = True
10.2219 	INFO 	Keyboard events cleared
10.2215 	EXP 	fix_cross_practice: autoDraw = False
10.2215 	EXP 	palabra_txt: autoDraw = True
11.1447 	EXP 	Device response: <KeyPress from None: t=11.143040100010694, value=j, duration=None>
11.1456 	DATA 	Keypress: j
11.1559 	EXP 	fix_cross_practice: autoDraw = False
11.1559 	EXP 	palabra_txt: autoDraw = False
11.1559 	EXP 	feedback_txt: text = 'Incorrecto'
11.1559 	EXP 	feedback_txt: autoDraw = True
11.2772 	EXP 	Device response: <KeyPress from None: t=11.143040100010694, value=j, duration=0.1270574999944074>
12.1403 	EXP 	New trial (rep=0, index=4): <Trial 4 (4 in rep 0) data={'id_p': 3, 'palabra_p': 'ALEGRÍA', 'emocion_p': 'alegria', 'tecla_correcta_p': 'f', 'thisN': 4, 'thisTrialN': 4, 'thisRepN': 0}>
12.1463 	EXP 	feedback_txt: autoDraw = False
12.1463 	EXP 	feedback_txt: autoDraw = False
12.1463 	EXP 	palabra_txt: height = np.float64(0.08)
12.1463 	EXP 	palabra_txt: height = np.float64(0.08)
12.1463 	EXP 	palabra_txt: height = np.float64(0.08)
12.1463 	EXP 	palabra_txt: text = 'ALEGRÍA'
12.1463 	EXP 	fix_cross_practice: autoDraw = True
12.6418 	INFO 	Keyboard events cleared
12.6413 	EXP 	fix_cross_practice: autoDraw = False
12.6413 	EXP 	palabra_txt: autoDraw = True
13.2157 	EXP 	Device response: <KeyPress from None: t=13.211671600001864, value=f, duration=None>
13.2221 	DATA 	Keypress: f
13.2230 	EXP 	fix_cross_practice: autoDraw = False
13.2230 	EXP 	palabra_txt: autoDraw = False
13.2230 	EXP 	feedback_txt: height = np.float64(0.07)
13.2230 	EXP 	feedback_txt: height = np.float64(0.07)
13.2230 	EXP 	feedback_txt: height = np.float64(0.07)
13.2230 	EXP 	feedback_txt: text = '¡Correcto!'
13.2230 	EXP 	feedback_txt: autoDraw = True
13.3672 	EXP 	Device response: <KeyPress from None: t=13.211671600001864, value=f, duration=0.14931380000780337>
14.2110 	EXP 	New trial (rep=0, index=5): <Trial 5 (5 in rep 0) data={'id_p': 9, 'palabra_p': 'IRA', 'emocion_p': 'ira', 'tecla_correcta_p': 'h', 'thisN': 5, 'thisTrialN': 5, 'thisRepN': 0}>
14.2171 	EXP 	feedback_txt: autoDraw = False
14.2171 	EXP 	feedback_txt: autoDraw = False
14.2171 	EXP 	palabra_txt: height = np.float64(0.08)
14.2171 	EXP 	palabra_txt: height = np.float64(0.08)
14.2171 	EXP 	palabra_txt: height = np.float64(0.08)
14.2171 	EXP 	palabra_txt: text = 'IRA'
14.2171 	EXP 	fix_cross_practice: autoDraw = True
14.7131 	INFO 	Keyboard events cleared
14.7123 	EXP 	fix_cross_practice: autoDraw = False
14.7123 	EXP 	palabra_txt: autoDraw = True
15.8638 	EXP 	Device response: <KeyPress from None: t=15.860622899999726, value=j, duration=None>
15.8682 	DATA 	Keypress: j
15.8699 	EXP 	fix_cross_practice: autoDraw = False
15.8699 	EXP 	palabra_txt: autoDraw = False
15.8699 	EXP 	feedback_txt: height = np.float64(0.07)
15.8699 	EXP 	feedback_txt: height = np.float64(0.07)
15.8699 	EXP 	feedback_txt: height = np.float64(0.07)
15.8699 	EXP 	feedback_txt: text = 'Incorrecto'
15.8699 	EXP 	feedback_txt: autoDraw = True
16.0381 	EXP 	Device response: <KeyPress from None: t=15.860622899999726, value=j, duration=0.17277860001195222>
16.8539 	EXP 	New trial (rep=0, index=6): <Trial 6 (6 in rep 0) data={'id_p': 10, 'palabra_p': 'MIEDO', 'emocion_p': 'miedo', 'tecla_correcta_p': 'j', 'thisN': 6, 'thisTrialN': 6, 'thisRepN': 0}>
16.8601 	EXP 	feedback_txt: autoDraw = False
16.8601 	EXP 	feedback_txt: autoDraw = False
16.8601 	EXP 	palabra_txt: height = np.float64(0.08)
16.8601 	EXP 	palabra_txt: height = np.float64(0.08)
16.8601 	EXP 	palabra_txt: height = np.float64(0.08)
16.8601 	EXP 	palabra_txt: text = 'MIEDO'
16.8601 	EXP 	fix_cross_practice: autoDraw = True
17.3558 	INFO 	Keyboard events cleared
17.3552 	EXP 	fix_cross_practice: autoDraw = False
17.3552 	EXP 	palabra_txt: autoDraw = True
18.5833 	EXP 	Device response: <KeyPress from None: t=18.578685600004974, value=g, duration=None>
18.5852 	DATA 	Keypress: g
18.5895 	EXP 	fix_cross_practice: autoDraw = False
18.5895 	EXP 	palabra_txt: autoDraw = False
18.5895 	EXP 	feedback_txt: text = 'Incorrecto'
18.5895 	EXP 	feedback_txt: autoDraw = True
18.7925 	EXP 	Device response: <KeyPress from None: t=18.578685600004974, value=g, duration=0.210403100005351>
19.5739 	EXP 	New trial (rep=0, index=7): <Trial 7 (7 in rep 0) data={'id_p': 11, 'palabra_p': 'MIEDO', 'emocion_p': 'miedo', 'tecla_correcta_p': 'j', 'thisN': 7, 'thisTrialN': 7, 'thisRepN': 0}>
19.5798 	EXP 	feedback_txt: autoDraw = False
19.5798 	EXP 	feedback_txt: autoDraw = False
19.5798 	EXP 	palabra_txt: text = 'MIEDO'
19.5798 	EXP 	fix_cross_practice: autoDraw = True
20.0753 	INFO 	Keyboard events cleared
20.0748 	EXP 	fix_cross_practice: autoDraw = False
20.0748 	EXP 	palabra_txt: autoDraw = True
20.6544 	EXP 	Device response: <KeyPress from None: t=20.652843100004247, value=h, duration=None>
20.6562 	DATA 	Keypress: h
20.6606 	EXP 	fix_cross_practice: autoDraw = False
20.6606 	EXP 	palabra_txt: autoDraw = False
20.6606 	EXP 	feedback_txt: text = 'Incorrecto'
20.6606 	EXP 	feedback_txt: autoDraw = True
20.8078 	EXP 	Device response: <KeyPress from None: t=20.652843100004247, value=h, duration=0.15201669999805745>
21.6444 	EXP 	New trial (rep=0, index=8): <Trial 8 (8 in rep 0) data={'id_p': 2, 'palabra_p': 'ALEGRÍA', 'emocion_p': 'alegria', 'tecla_correcta_p': 'f', 'thisN': 8, 'thisTrialN': 8, 'thisRepN': 0}>
21.6507 	EXP 	feedback_txt: autoDraw = False
21.6507 	EXP 	feedback_txt: autoDraw = False
21.6507 	EXP 	palabra_txt: height = np.float64(0.08)
21.6507 	EXP 	palabra_txt: height = np.float64(0.08)
21.6507 	EXP 	palabra_txt: height = np.float64(0.08)
21.6507 	EXP 	palabra_txt: text = 'ALEGRÍA'
21.6507 	EXP 	fix_cross_practice: autoDraw = True
22.1450 	INFO 	Keyboard events cleared
22.1446 	EXP 	fix_cross_practice: autoDraw = False
22.1446 	EXP 	palabra_txt: autoDraw = True
22.7295 	EXP 	Device response: <KeyPress from None: t=22.72665229999984, value=f, duration=None>
22.7330 	DATA 	Keypress: f
22.7358 	EXP 	fix_cross_practice: autoDraw = False
22.7358 	EXP 	palabra_txt: autoDraw = False
22.7358 	EXP 	feedback_txt: height = np.float64(0.07)
22.7358 	EXP 	feedback_txt: height = np.float64(0.07)
22.7358 	EXP 	feedback_txt: height = np.float64(0.07)
22.7358 	EXP 	feedback_txt: text = '¡Correcto!'
22.7358 	EXP 	feedback_txt: autoDraw = True
22.9738 	EXP 	Device response: <KeyPress from None: t=22.72665229999984, value=f, duration=0.24024120000831317>
23.7244 	EXP 	New trial (rep=0, index=9): <Trial 9 (9 in rep 0) data={'id_p': 7, 'palabra_p': 'IRA', 'emocion_p': 'ira', 'tecla_correcta_p': 'h', 'thisN': 9, 'thisTrialN': 9, 'thisRepN': 0}>
23.7304 	EXP 	feedback_txt: autoDraw = False
23.7304 	EXP 	feedback_txt: autoDraw = False
23.7304 	EXP 	palabra_txt: height = np.float64(0.08)
23.7304 	EXP 	palabra_txt: height = np.float64(0.08)
23.7304 	EXP 	palabra_txt: height = np.float64(0.08)
23.7304 	EXP 	palabra_txt: text = 'IRA'
23.7304 	EXP 	fix_cross_practice: autoDraw = True
24.2250 	INFO 	Keyboard events cleared
24.2244 	EXP 	fix_cross_practice: autoDraw = False
24.2244 	EXP 	palabra_txt: autoDraw = True
25.0456 	EXP 	Device response: <KeyPress from None: t=25.04271950000839, value=j, duration=None>
25.0498 	DATA 	Keypress: j
25.0521 	EXP 	fix_cross_practice: autoDraw = False
25.0521 	EXP 	palabra_txt: autoDraw = False
25.0521 	EXP 	feedback_txt: height = np.float64(0.07)
25.0521 	EXP 	feedback_txt: height = np.float64(0.07)
25.0521 	EXP 	feedback_txt: height = np.float64(0.07)
25.0521 	EXP 	feedback_txt: text = 'Incorrecto'
25.0521 	EXP 	feedback_txt: autoDraw = True
25.2055 	EXP 	Device response: <KeyPress from None: t=25.04271950000839, value=j, duration=0.1600181999965571>
26.0406 	EXP 	New trial (rep=0, index=10): <Trial 10 (10 in rep 0) data={'id_p': 5, 'palabra_p': 'TRISTEZA', 'emocion_p': 'tristeza', 'tecla_correcta_p': 'g', 'thisN': 10, 'thisTrialN': 10, 'thisRepN': 0}>
26.0466 	EXP 	feedback_txt: autoDraw = False
26.0466 	EXP 	feedback_txt: autoDraw = False
26.0466 	EXP 	palabra_txt: height = np.float64(0.08)
26.0466 	EXP 	palabra_txt: height = np.float64(0.08)
26.0466 	EXP 	palabra_txt: height = np.float64(0.08)
26.0466 	EXP 	palabra_txt: text = 'TRISTEZA'
26.0466 	EXP 	fix_cross_practice: autoDraw = True
26.5411 	INFO 	Keyboard events cleared
26.5407 	EXP 	fix_cross_practice: autoDraw = False
26.5407 	EXP 	palabra_txt: autoDraw = True
27.2998 	EXP 	Device response: <KeyPress from None: t=27.293311300003552, value=g, duration=None>
27.3051 	DATA 	Keypress: g
27.3061 	EXP 	fix_cross_practice: autoDraw = False
27.3061 	EXP 	palabra_txt: autoDraw = False
27.3061 	EXP 	feedback_txt: height = np.float64(0.07)
27.3061 	EXP 	feedback_txt: height = np.float64(0.07)
27.3061 	EXP 	feedback_txt: height = np.float64(0.07)
27.3061 	EXP 	feedback_txt: text = '¡Correcto!'
27.3061 	EXP 	feedback_txt: autoDraw = True
27.5235 	EXP 	Device response: <KeyPress from None: t=27.293311300003552, value=g, duration=0.2273940000013681>
28.2945 	EXP 	New trial (rep=0, index=11): <Trial 11 (11 in rep 0) data={'id_p': 8, 'palabra_p': 'IRA', 'emocion_p': 'ira', 'tecla_correcta_p': 'h', 'thisN': 11, 'thisTrialN': 11, 'thisRepN': 0}>
28.3003 	EXP 	feedback_txt: autoDraw = False
28.3003 	EXP 	feedback_txt: autoDraw = False
28.3003 	EXP 	palabra_txt: height = np.float64(0.08)
28.3003 	EXP 	palabra_txt: height = np.float64(0.08)
28.3003 	EXP 	palabra_txt: height = np.float64(0.08)
28.3003 	EXP 	palabra_txt: text = 'IRA'
28.3003 	EXP 	fix_cross_practice: autoDraw = True
28.7942 	INFO 	Keyboard events cleared
28.7939 	EXP 	fix_cross_practice: autoDraw = False
28.7939 	EXP 	palabra_txt: autoDraw = True
29.5666 	EXP 	Device response: <KeyPress from None: t=29.560623600002145, value=h, duration=None>
29.5679 	DATA 	Keypress: h
29.5729 	EXP 	fix_cross_practice: autoDraw = False
29.5729 	EXP 	palabra_txt: autoDraw = False
29.5729 	EXP 	feedback_txt: text = '¡Correcto!'
29.5729 	EXP 	feedback_txt: autoDraw = True
29.7265 	EXP 	Device response: <KeyPress from None: t=29.560623600002145, value=h, duration=0.16390980000142008>
30.5684 	INFO 	Keyboard events cleared
30.5677 	EXP 	feedback_txt: autoDraw = False
30.5677 	EXP 	feedback_txt: autoDraw = False
30.5677 	EXP 	fin_fase_practica_txt: autoDraw = True
31.3616 	EXP 	Device response: <KeyPress from None: t=31.359216100012418, value=space, duration=None>
31.3639 	DATA 	Keypress: space
31.3677 	EXP 	fin_fase_practica_txt: autoDraw = False
31.3677 	EXP 	descanso_txt: autoDraw = True
31.5072 	EXP 	Device response: <KeyPress from None: t=31.359216100012418, value=space, duration=0.1413975999894319>
91.3581 	INFO 	Keyboard events cleared
91.3576 	EXP 	descanso_txt: autoDraw = False
91.3576 	EXP 	descanso_txt: autoDraw = False
91.3576 	EXP 	inicio_fase_experimental_txt: autoDraw = True
100.1081 	EXP 	Device response: <KeyPress from None: t=100.10333600000013, value=space, duration=None>
100.1206 	EXP 	Imported condiciones_experimental.xlsx as conditions, 40 conditions, 4 params
100.1212 	EXP 	New trial (rep=0, index=0): <Trial 0 (0 in rep 0) data={'id': 21, 'imagen': 'media/happiness/happiness_01.png', 'emocion': 'alegria', 'tecla_correcta': 'f', 'thisN': 0, 'thisTrialN': 0, 'thisRepN': 0}>
100.1422 	DATA 	Keypress: space
100.1439 	EXP 	inicio_fase_experimental_txt: autoDraw = False
100.1439 	EXP 	imagen_experiemental: image = 'media/happiness/happiness_01.png'
100.1439 	EXP 	fix_cross_experimental: autoDraw = True
100.1860 	EXP 	Device response: <KeyPress from None: t=100.10333600000013, value=space, duration=0.07806040000286885>
100.6038 	INFO 	Keyboard events cleared
100.6030 	EXP 	imagen_experiemental: autoDraw = True
100.6377 	EXP 	fix_cross_experimental: autoDraw = False
101.1326 	EXP 	Device response: <KeyPress from None: t=101.12937750000856, value=f, duration=None>
101.1343 	DATA 	Keypress: f
101.1384 	EXP 	fix_cross_experimental: autoDraw = False
101.1384 	EXP 	imagen_experiemental: autoDraw = False
101.1384 	EXP 	iti_txt: autoDraw = True
101.3409 	EXP 	Device response: <KeyPress from None: t=101.12937750000856, value=f, duration=0.20555199999944307>
101.6257 	EXP 	New trial (rep=0, index=1): <Trial 1 (1 in rep 0) data={'id': 33, 'imagen': 'media/sadness/sadness_03.png', 'emocion': 'tristeza', 'tecla_correcta': 'g', 'thisN': 1, 'thisTrialN': 1, 'thisRepN': 0}>
101.6450 	EXP 	iti_txt: autoDraw = False
101.6450 	EXP 	iti_txt: autoDraw = False
101.6450 	EXP 	imagen_experiemental: image = 'media/sadness/sadness_03.png'
101.6450 	EXP 	fix_cross_experimental: autoDraw = True
102.1266 	INFO 	Keyboard events cleared
102.1255 	EXP 	imagen_experiemental: autoDraw = True
102.1393 	EXP 	fix_cross_experimental: autoDraw = False
103.6566 	EXP 	Device response: <KeyPress from None: t=103.65523240000766, value=g, duration=None>
103.6576 	DATA 	Keypress: g
103.6624 	EXP 	fix_cross_experimental: autoDraw = False
103.6624 	EXP 	imagen_experiemental: autoDraw = False
103.6624 	EXP 	iti_txt: autoDraw = True
103.8032 	EXP 	Device response: <KeyPress from None: t=103.65523240000766, value=g, duration=0.14548930000455584>
104.1503 	EXP 	New trial (rep=0, index=2): <Trial 2 (2 in rep 0) data={'id': 40, 'imagen': 'media/sadness/sadness_10.png', 'emocion': 'tristeza', 'tecla_correcta': 'g', 'thisN': 2, 'thisTrialN': 2, 'thisRepN': 0}>
104.1749 	EXP 	iti_txt: autoDraw = False
104.1749 	EXP 	iti_txt: autoDraw = False
104.1749 	EXP 	imagen_experiemental: image = 'media/sadness/sadness_10.png'
104.1749 	EXP 	fix_cross_experimental: autoDraw = True
104.6534 	INFO 	Keyboard events cleared
104.6526 	EXP 	imagen_experiemental: autoDraw = True
104.6664 	EXP 	fix_cross_experimental: autoDraw = False
106.7898 	EXP 	Device response: <KeyPress from None: t=106.78396090000751, value=j, duration=None>
106.7928 	DATA 	Keypress: j
106.7980 	EXP 	fix_cross_experimental: autoDraw = False
106.7980 	EXP 	imagen_experiemental: autoDraw = False
106.7980 	EXP 	iti_txt: autoDraw = True
106.9560 	EXP 	Device response: <KeyPress from None: t=106.78396090000751, value=j, duration=0.1656065999995917>
107.2823 	EXP 	New trial (rep=0, index=3): <Trial 3 (3 in rep 0) data={'id': 15, 'imagen': 'media/fear/fear_05.png', 'emocion': 'miedo', 'tecla_correcta': 'j', 'thisN': 3, 'thisTrialN': 3, 'thisRepN': 0}>
107.3051 	EXP 	iti_txt: autoDraw = False
107.3051 	EXP 	iti_txt: autoDraw = False
107.3051 	EXP 	imagen_experiemental: image = 'media/fear/fear_05.png'
107.3051 	EXP 	fix_cross_experimental: autoDraw = True
107.7857 	INFO 	Keyboard events cleared
107.7850 	EXP 	imagen_experiemental: autoDraw = True
107.7988 	EXP 	fix_cross_experimental: autoDraw = False
109.7201 	EXP 	Device response: <KeyPress from None: t=109.71804920000432, value=j, duration=None>
109.7219 	DATA 	Keypress: j
109.7263 	EXP 	fix_cross_experimental: autoDraw = False
109.7263 	EXP 	imagen_experiemental: autoDraw = False
109.7263 	EXP 	iti_txt: autoDraw = True
109.8585 	EXP 	Device response: <KeyPress from None: t=109.71804920000432, value=j, duration=0.13721610000357032>
110.2131 	EXP 	New trial (rep=0, index=4): <Trial 4 (4 in rep 0) data={'id': 34, 'imagen': 'media/sadness/sadness_04.png', 'emocion': 'tristeza', 'tecla_correcta': 'g', 'thisN': 4, 'thisTrialN': 4, 'thisRepN': 0}>
110.2402 	EXP 	iti_txt: autoDraw = False
110.2402 	EXP 	iti_txt: autoDraw = False
110.2402 	EXP 	imagen_experiemental: image = 'media/sadness/sadness_04.png'
110.2402 	EXP 	fix_cross_experimental: autoDraw = True
110.7159 	INFO 	Keyboard events cleared
110.7155 	EXP 	imagen_experiemental: autoDraw = True
110.7365 	EXP 	fix_cross_experimental: autoDraw = False
112.0516 	EXP 	Device response: <KeyPress from None: t=112.04966309999872, value=g, duration=None>
112.0532 	DATA 	Keypress: g
112.0579 	EXP 	fix_cross_experimental: autoDraw = False
112.0579 	EXP 	imagen_experiemental: autoDraw = False
112.0579 	EXP 	iti_txt: autoDraw = True
112.2330 	EXP 	Device response: <KeyPress from None: t=112.04966309999872, value=g, duration=0.1761537000129465>
112.5460 	EXP 	New trial (rep=0, index=5): <Trial 5 (5 in rep 0) data={'id': 39, 'imagen': 'media/sadness/sadness_09.png', 'emocion': 'tristeza', 'tecla_correcta': 'g', 'thisN': 5, 'thisTrialN': 5, 'thisRepN': 0}>
112.5644 	EXP 	iti_txt: autoDraw = False
112.5644 	EXP 	iti_txt: autoDraw = False
112.5644 	EXP 	imagen_experiemental: image = 'media/sadness/sadness_09.png'
112.5644 	EXP 	fix_cross_experimental: autoDraw = True
113.0454 	INFO 	Keyboard events cleared
113.0447 	EXP 	imagen_experiemental: autoDraw = True
113.0587 	EXP 	fix_cross_experimental: autoDraw = False
113.6951 	EXP 	Device response: <KeyPress from None: t=113.6902579000016, value=g, duration=None>
113.6981 	DATA 	Keypress: g
113.7004 	EXP 	fix_cross_experimental: autoDraw = False
113.7004 	EXP 	imagen_experiemental: autoDraw = False
113.7004 	EXP 	iti_txt: autoDraw = True
113.8945 	EXP 	Device response: <KeyPress from None: t=113.6902579000016, value=g, duration=0.19814310000219848>
114.1859 	EXP 	New trial (rep=0, index=6): <Trial 6 (6 in rep 0) data={'id': 2, 'imagen': 'media/anger/anger_02.png', 'emocion': 'ira', 'tecla_correcta': 'h', 'thisN': 6, 'thisTrialN': 6, 'thisRepN': 0}>
114.2135 	EXP 	iti_txt: autoDraw = False
114.2135 	EXP 	iti_txt: autoDraw = False
114.2135 	EXP 	imagen_experiemental: image = 'media/anger/anger_02.png'
114.2135 	EXP 	fix_cross_experimental: autoDraw = True
114.6892 	INFO 	Keyboard events cleared
114.6887 	EXP 	imagen_experiemental: autoDraw = True
114.7096 	EXP 	fix_cross_experimental: autoDraw = False
116.0121 	EXP 	Device response: <KeyPress from None: t=116.01010710000992, value=j, duration=None>
116.0144 	DATA 	Keypress: j
116.0172 	EXP 	fix_cross_experimental: autoDraw = False
116.0172 	EXP 	imagen_experiemental: autoDraw = False
116.0172 	EXP 	iti_txt: autoDraw = True
116.1848 	EXP 	Device response: <KeyPress from None: t=116.01010710000992, value=j, duration=0.17113940000126604>
116.5050 	EXP 	New trial (rep=0, index=7): <Trial 7 (7 in rep 0) data={'id': 31, 'imagen': 'media/sadness/sadness_01.png', 'emocion': 'tristeza', 'tecla_correcta': 'g', 'thisN': 7, 'thisTrialN': 7, 'thisRepN': 0}>
116.5232 	EXP 	iti_txt: autoDraw = False
116.5232 	EXP 	iti_txt: autoDraw = False
116.5232 	EXP 	imagen_experiemental: image = 'media/sadness/sadness_01.png'
116.5232 	EXP 	fix_cross_experimental: autoDraw = True
117.0040 	INFO 	Keyboard events cleared
117.0034 	EXP 	imagen_experiemental: autoDraw = True
117.0171 	EXP 	fix_cross_experimental: autoDraw = False
119.8366 	EXP 	Device response: <KeyPress from None: t=119.83362900000066, value=j, duration=None>
119.8392 	DATA 	Keypress: j
119.8442 	EXP 	fix_cross_experimental: autoDraw = False
119.8442 	EXP 	imagen_experiemental: autoDraw = False
119.8442 	EXP 	iti_txt: autoDraw = True
119.9754 	EXP 	Device response: <KeyPress from None: t=119.83362900000066, value=j, duration=0.13924960000440478>
120.3288 	EXP 	New trial (rep=0, index=8): <Trial 8 (8 in rep 0) data={'id': 3, 'imagen': 'media/anger/anger_03.png', 'emocion': 'ira', 'tecla_correcta': 'h', 'thisN': 8, 'thisTrialN': 8, 'thisRepN': 0}>
120.3764 	EXP 	iti_txt: autoDraw = False
120.3764 	EXP 	iti_txt: autoDraw = False
120.3764 	EXP 	imagen_experiemental: image = 'media/anger/anger_03.png'
120.3764 	EXP 	fix_cross_experimental: autoDraw = True
120.8291 	INFO 	Keyboard events cleared
120.8285 	EXP 	imagen_experiemental: autoDraw = True
120.8703 	EXP 	fix_cross_experimental: autoDraw = False
122.1370 	EXP 	Device response: <KeyPress from None: t=122.13349340000423, value=h, duration=None>
122.1394 	DATA 	Keypress: h
122.1436 	EXP 	fix_cross_experimental: autoDraw = False
122.1436 	EXP 	imagen_experiemental: autoDraw = False
122.1436 	EXP 	iti_txt: autoDraw = True
122.2768 	EXP 	Device response: <KeyPress from None: t=122.13349340000423, value=h, duration=0.14171260000148322>
122.6312 	EXP 	New trial (rep=0, index=9): <Trial 9 (9 in rep 0) data={'id': 10, 'imagen': 'media/anger/anger_10.png', 'emocion': 'ira', 'tecla_correcta': 'h', 'thisN': 9, 'thisTrialN': 9, 'thisRepN': 0}>
122.6579 	EXP 	iti_txt: autoDraw = False
122.6579 	EXP 	iti_txt: autoDraw = False
122.6579 	EXP 	imagen_experiemental: image = 'media/anger/anger_10.png'
122.6579 	EXP 	fix_cross_experimental: autoDraw = True
123.1339 	INFO 	Keyboard events cleared
123.1331 	EXP 	imagen_experiemental: autoDraw = True
123.1540 	EXP 	fix_cross_experimental: autoDraw = False
124.0666 	EXP 	Device response: <KeyPress from None: t=124.06034290000389, value=h, duration=None>
124.0704 	DATA 	Keypress: h
124.0736 	EXP 	fix_cross_experimental: autoDraw = False
124.0736 	EXP 	imagen_experiemental: autoDraw = False
124.0736 	EXP 	iti_txt: autoDraw = True
124.2191 	EXP 	Device response: <KeyPress from None: t=124.06034290000389, value=h, duration=0.15682839999499265>
124.5603 	EXP 	New trial (rep=0, index=10): <Trial 10 (10 in rep 0) data={'id': 35, 'imagen': 'media/sadness/sadness_05.png', 'emocion': 'tristeza', 'tecla_correcta': 'g', 'thisN': 10, 'thisTrialN': 10, 'thisRepN': 0}>
124.5891 	EXP 	iti_txt: autoDraw = False
124.5891 	EXP 	iti_txt: autoDraw = False
124.5891 	EXP 	imagen_experiemental: image = 'media/sadness/sadness_05.png'
124.5891 	EXP 	fix_cross_experimental: autoDraw = True
125.0627 	INFO 	Keyboard events cleared
125.0623 	EXP 	imagen_experiemental: autoDraw = True
125.0831 	EXP 	fix_cross_experimental: autoDraw = False
127.1086 	EXP 	Device response: <KeyPress from None: t=127.1068254000129, value=j, duration=None>
127.1099 	DATA 	Keypress: j
127.1142 	EXP 	fix_cross_experimental: autoDraw = False
127.1142 	EXP 	imagen_experiemental: autoDraw = False
127.1142 	EXP 	iti_txt: autoDraw = True
127.2754 	EXP 	Device response: <KeyPress from None: t=127.1068254000129, value=j, duration=0.16398599999956787>
127.6017 	EXP 	New trial (rep=0, index=11): <Trial 11 (11 in rep 0) data={'id': 24, 'imagen': 'media/happiness/happiness_04.png', 'emocion': 'alegria', 'tecla_correcta': 'f', 'thisN': 11, 'thisTrialN': 11, 'thisRepN': 0}>
127.6199 	EXP 	iti_txt: autoDraw = False
127.6199 	EXP 	iti_txt: autoDraw = False
127.6199 	EXP 	imagen_experiemental: image = 'media/happiness/happiness_04.png'
127.6199 	EXP 	fix_cross_experimental: autoDraw = True
128.1004 	INFO 	Keyboard events cleared
128.1000 	EXP 	imagen_experiemental: autoDraw = True
128.1140 	EXP 	fix_cross_experimental: autoDraw = False
129.1649 	EXP 	Device response: <KeyPress from None: t=129.15790150000248, value=f, duration=None>
129.1660 	DATA 	Keypress: f
129.1713 	EXP 	fix_cross_experimental: autoDraw = False
129.1713 	EXP 	imagen_experiemental: autoDraw = False
129.1713 	EXP 	iti_txt: autoDraw = True
129.3123 	EXP 	Device response: <KeyPress from None: t=129.15790150000248, value=f, duration=0.15168770001037046>
129.6596 	EXP 	New trial (rep=0, index=12): <Trial 12 (12 in rep 0) data={'id': 22, 'imagen': 'media/happiness/happiness_02.png', 'emocion': 'alegria', 'tecla_correcta': 'f', 'thisN': 12, 'thisTrialN': 12, 'thisRepN': 0}>
129.6830 	EXP 	iti_txt: autoDraw = False
129.6830 	EXP 	iti_txt: autoDraw = False
129.6830 	EXP 	imagen_experiemental: image = 'media/happiness/happiness_02.png'
129.6830 	EXP 	fix_cross_experimental: autoDraw = True
130.1621 	INFO 	Keyboard events cleared
130.1616 	EXP 	imagen_experiemental: autoDraw = True
130.1752 	EXP 	fix_cross_experimental: autoDraw = False
130.7120 	EXP 	Device response: <KeyPress from None: t=130.70747490000213, value=f, duration=None>
130.7133 	DATA 	Keypress: f
130.7179 	EXP 	fix_cross_experimental: autoDraw = False
130.7179 	EXP 	imagen_experiemental: autoDraw = False
130.7179 	EXP 	iti_txt: autoDraw = True
130.9137 	EXP 	Device response: <KeyPress from None: t=130.70747490000213, value=f, duration=0.20506930000556167>
131.2054 	EXP 	New trial (rep=0, index=13): <Trial 13 (13 in rep 0) data={'id': 4, 'imagen': 'media/anger/anger_04.png', 'emocion': 'ira', 'tecla_correcta': 'h', 'thisN': 13, 'thisTrialN': 13, 'thisRepN': 0}>
131.2241 	EXP 	iti_txt: autoDraw = False
131.2241 	EXP 	iti_txt: autoDraw = False
131.2241 	EXP 	imagen_experiemental: image = 'media/anger/anger_04.png'
131.2241 	EXP 	fix_cross_experimental: autoDraw = True
131.7050 	INFO 	Keyboard events cleared
131.7043 	EXP 	imagen_experiemental: autoDraw = True
131.7182 	EXP 	fix_cross_experimental: autoDraw = False
133.3536 	EXP 	Device response: <KeyPress from None: t=133.34933880000608, value=h, duration=None>
133.3558 	DATA 	Keypress: h
133.3601 	EXP 	fix_cross_experimental: autoDraw = False
133.3601 	EXP 	imagen_experiemental: autoDraw = False
133.3601 	EXP 	iti_txt: autoDraw = True
133.4787 	EXP 	Device response: <KeyPress from None: t=133.34933880000608, value=h, duration=0.12400569999590516>
133.8471 	EXP 	New trial (rep=0, index=14): <Trial 14 (14 in rep 0) data={'id': 14, 'imagen': 'media/fear/fear_04.png', 'emocion': 'miedo', 'tecla_correcta': 'j', 'thisN': 14, 'thisTrialN': 14, 'thisRepN': 0}>
133.8730 	EXP 	iti_txt: autoDraw = False
133.8730 	EXP 	iti_txt: autoDraw = False
133.8730 	EXP 	imagen_experiemental: image = 'media/fear/fear_04.png'
133.8730 	EXP 	fix_cross_experimental: autoDraw = True
134.3509 	INFO 	Keyboard events cleared
134.3500 	EXP 	imagen_experiemental: autoDraw = True
134.3637 	EXP 	fix_cross_experimental: autoDraw = False
135.6718 	EXP 	Device response: <KeyPress from None: t=135.66931789999944, value=j, duration=None>
135.6728 	DATA 	Keypress: j
135.6783 	EXP 	fix_cross_experimental: autoDraw = False
135.6783 	EXP 	imagen_experiemental: autoDraw = False
135.6783 	EXP 	iti_txt: autoDraw = True
135.8391 	EXP 	Device response: <KeyPress from None: t=135.66931789999944, value=j, duration=0.1665425000101095>
136.1660 	EXP 	New trial (rep=0, index=15): <Trial 15 (15 in rep 0) data={'id': 19, 'imagen': 'media/fear/fear_09.png', 'emocion': 'miedo', 'tecla_correcta': 'j', 'thisN': 15, 'thisTrialN': 15, 'thisRepN': 0}>
136.1941 	EXP 	iti_txt: autoDraw = False
136.1941 	EXP 	iti_txt: autoDraw = False
136.1941 	EXP 	imagen_experiemental: image = 'media/fear/fear_09.png'
136.1941 	EXP 	fix_cross_experimental: autoDraw = True
136.6621 	INFO 	Keyboard events cleared
136.6615 	EXP 	imagen_experiemental: autoDraw = True
136.6892 	EXP 	fix_cross_experimental: autoDraw = False
137.8663 	EXP 	Device response: <KeyPress from None: t=137.86409190000268, value=g, duration=None>
137.8682 	DATA 	Keypress: g
137.8717 	EXP 	fix_cross_experimental: autoDraw = False
137.8717 	EXP 	imagen_experiemental: autoDraw = False
137.8717 	EXP 	iti_txt: autoDraw = True
138.1020 	EXP 	Device response: <KeyPress from None: t=137.86409190000268, value=g, duration=0.23320990000502206>
138.3593 	EXP 	New trial (rep=0, index=16): <Trial 16 (16 in rep 0) data={'id': 25, 'imagen': 'media/happiness/happiness_05.png', 'emocion': 'alegria', 'tecla_correcta': 'f', 'thisN': 16, 'thisTrialN': 16, 'thisRepN': 0}>
138.3787 	EXP 	iti_txt: autoDraw = False
138.3787 	EXP 	iti_txt: autoDraw = False
138.3787 	EXP 	imagen_experiemental: image = 'media/happiness/happiness_05.png'
138.3787 	EXP 	fix_cross_experimental: autoDraw = True
138.8592 	INFO 	Keyboard events cleared
138.8588 	EXP 	imagen_experiemental: autoDraw = True
138.8728 	EXP 	fix_cross_experimental: autoDraw = False
139.4507 	EXP 	Device response: <KeyPress from None: t=139.4447630000068, value=f, duration=None>
139.4521 	DATA 	Keypress: f
139.4570 	EXP 	fix_cross_experimental: autoDraw = False
139.4570 	EXP 	imagen_experiemental: autoDraw = False
139.4570 	EXP 	iti_txt: autoDraw = True
139.6741 	EXP 	Device response: <KeyPress from None: t=139.4447630000068, value=f, duration=0.22273429999768268>
139.9448 	EXP 	New trial (rep=0, index=17): <Trial 17 (17 in rep 0) data={'id': 26, 'imagen': 'media/happiness/happiness_06.png', 'emocion': 'alegria', 'tecla_correcta': 'f', 'thisN': 17, 'thisTrialN': 17, 'thisRepN': 0}>
139.9676 	EXP 	iti_txt: autoDraw = False
139.9676 	EXP 	iti_txt: autoDraw = False
139.9676 	EXP 	imagen_experiemental: image = 'media/happiness/happiness_06.png'
139.9676 	EXP 	fix_cross_experimental: autoDraw = True
140.4407 	INFO 	Keyboard events cleared
140.4402 	EXP 	imagen_experiemental: autoDraw = True
140.4611 	EXP 	fix_cross_experimental: autoDraw = False
141.1574 	EXP 	Device response: <KeyPress from None: t=141.15263670000422, value=f, duration=None>
141.1591 	DATA 	Keypress: f
141.1638 	EXP 	fix_cross_experimental: autoDraw = False
141.1638 	EXP 	imagen_experiemental: autoDraw = False
141.1638 	EXP 	iti_txt: autoDraw = True
141.2894 	EXP 	Device response: <KeyPress from None: t=141.15263670000422, value=f, duration=0.13264409999828786>
141.6517 	EXP 	New trial (rep=0, index=18): <Trial 18 (18 in rep 0) data={'id': 17, 'imagen': 'media/fear/fear_07.png', 'emocion': 'miedo', 'tecla_correcta': 'j', 'thisN': 18, 'thisTrialN': 18, 'thisRepN': 0}>
141.6739 	EXP 	iti_txt: autoDraw = False
141.6739 	EXP 	iti_txt: autoDraw = False
141.6739 	EXP 	imagen_experiemental: image = 'media/fear/fear_07.png'
141.6739 	EXP 	fix_cross_experimental: autoDraw = True
142.1543 	INFO 	Keyboard events cleared
142.1538 	EXP 	imagen_experiemental: autoDraw = True
142.1676 	EXP 	fix_cross_experimental: autoDraw = False
143.1990 	EXP 	Device response: <KeyPress from None: t=143.19723960000556, value=j, duration=None>
143.2014 	DATA 	Keypress: j
143.2040 	EXP 	fix_cross_experimental: autoDraw = False
143.2040 	EXP 	imagen_experiemental: autoDraw = False
143.2040 	EXP 	iti_txt: autoDraw = True
143.3653 	EXP 	Device response: <KeyPress from None: t=143.19723960000556, value=j, duration=0.1643428999959724>
143.6919 	EXP 	New trial (rep=0, index=19): <Trial 19 (19 in rep 0) data={'id': 7, 'imagen': 'media/anger/anger_07.png', 'emocion': 'ira', 'tecla_correcta': 'h', 'thisN': 19, 'thisTrialN': 19, 'thisRepN': 0}>
143.7153 	EXP 	iti_txt: autoDraw = False
143.7153 	EXP 	iti_txt: autoDraw = False
143.7153 	EXP 	imagen_experiemental: image = 'media/anger/anger_07.png'
143.7153 	EXP 	fix_cross_experimental: autoDraw = True
144.1949 	INFO 	Keyboard events cleared
144.1942 	EXP 	imagen_experiemental: autoDraw = True
144.2081 	EXP 	fix_cross_experimental: autoDraw = False
144.9809 	EXP 	Device response: <KeyPress from None: t=144.97413909999887, value=h, duration=None>
144.9819 	DATA 	Keypress: h
144.9871 	EXP 	fix_cross_experimental: autoDraw = False
144.9871 	EXP 	imagen_experiemental: autoDraw = False
144.9871 	EXP 	iti_txt: autoDraw = True
145.1410 	EXP 	Device response: <KeyPress from None: t=144.97413909999887, value=h, duration=0.15989020001143217>
145.4744 	EXP 	New trial (rep=0, index=20): <Trial 20 (20 in rep 0) data={'id': 36, 'imagen': 'media/sadness/sadness_06.png', 'emocion': 'tristeza', 'tecla_correcta': 'g', 'thisN': 20, 'thisTrialN': 20, 'thisRepN': 0}>
145.4943 	EXP 	iti_txt: autoDraw = False
145.4943 	EXP 	iti_txt: autoDraw = False
145.4943 	EXP 	imagen_experiemental: image = 'media/sadness/sadness_06.png'
145.4943 	EXP 	fix_cross_experimental: autoDraw = True
145.9747 	INFO 	Keyboard events cleared
145.9743 	EXP 	imagen_experiemental: autoDraw = True
145.9885 	EXP 	fix_cross_experimental: autoDraw = False
151.0667 	EXP 	Device response: <KeyPress from None: t=151.06157570000505, value=j, duration=None>
151.0692 	DATA 	Keypress: j
151.0743 	EXP 	fix_cross_experimental: autoDraw = False
151.0743 	EXP 	imagen_experiemental: autoDraw = False
151.0743 	EXP 	iti_txt: autoDraw = True
151.3055 	EXP 	Device response: <KeyPress from None: t=151.06157570000505, value=j, duration=0.23907260000123642>
151.5602 	EXP 	New trial (rep=0, index=21): <Trial 21 (21 in rep 0) data={'id': 8, 'imagen': 'media/anger/anger_08.png', 'emocion': 'ira', 'tecla_correcta': 'h', 'thisN': 21, 'thisTrialN': 21, 'thisRepN': 0}>
151.5819 	EXP 	iti_txt: autoDraw = False
151.5819 	EXP 	iti_txt: autoDraw = False
151.5819 	EXP 	imagen_experiemental: image = 'media/anger/anger_08.png'
151.5819 	EXP 	fix_cross_experimental: autoDraw = True
152.0628 	INFO 	Keyboard events cleared
152.0620 	EXP 	imagen_experiemental: autoDraw = True
152.0758 	EXP 	fix_cross_experimental: autoDraw = False
152.8761 	EXP 	Device response: <KeyPress from None: t=152.87337830000615, value=h, duration=None>
152.8772 	DATA 	Keypress: h
152.8825 	EXP 	fix_cross_experimental: autoDraw = False
152.8825 	EXP 	imagen_experiemental: autoDraw = False
152.8825 	EXP 	iti_txt: autoDraw = True
153.0788 	EXP 	Device response: <KeyPress from None: t=152.87337830000615, value=h, duration=0.20045869999739807>
153.3698 	EXP 	New trial (rep=0, index=22): <Trial 22 (22 in rep 0) data={'id': 6, 'imagen': 'media/anger/anger_06.png', 'emocion': 'ira', 'tecla_correcta': 'h', 'thisN': 22, 'thisTrialN': 22, 'thisRepN': 0}>
153.3886 	EXP 	iti_txt: autoDraw = False
153.3886 	EXP 	iti_txt: autoDraw = False
153.3886 	EXP 	imagen_experiemental: image = 'media/anger/anger_06.png'
153.3886 	EXP 	fix_cross_experimental: autoDraw = True
153.8696 	INFO 	Keyboard events cleared
153.8689 	EXP 	imagen_experiemental: autoDraw = True
153.8830 	EXP 	fix_cross_experimental: autoDraw = False
154.6560 	EXP 	Device response: <KeyPress from None: t=154.65345080000407, value=h, duration=None>
154.6577 	DATA 	Keypress: h
154.6617 	EXP 	fix_cross_experimental: autoDraw = False
154.6617 	EXP 	imagen_experiemental: autoDraw = False
154.6617 	EXP 	iti_txt: autoDraw = True
154.8226 	EXP 	Device response: <KeyPress from None: t=154.65345080000407, value=h, duration=0.16255930000625085>
155.1503 	EXP 	New trial (rep=0, index=23): <Trial 23 (23 in rep 0) data={'id': 11, 'imagen': 'media/fear/fear_01.png', 'emocion': 'miedo', 'tecla_correcta': 'j', 'thisN': 23, 'thisTrialN': 23, 'thisRepN': 0}>
155.1874 	EXP 	iti_txt: autoDraw = False
155.1874 	EXP 	iti_txt: autoDraw = False
155.1874 	EXP 	imagen_experiemental: image = 'media/fear/fear_01.png'
155.1874 	EXP 	fix_cross_experimental: autoDraw = True
155.6476 	INFO 	Keyboard events cleared
155.6468 	EXP 	imagen_experiemental: autoDraw = True
155.6814 	EXP 	fix_cross_experimental: autoDraw = False
159.0077 	EXP 	Device response: <KeyPress from None: t=159.00349870001082, value=j, duration=None>
159.0108 	DATA 	Keypress: j
159.0133 	EXP 	fix_cross_experimental: autoDraw = False
159.0133 	EXP 	imagen_experiemental: autoDraw = False
159.0133 	EXP 	iti_txt: autoDraw = True
159.1600 	EXP 	Device response: <KeyPress from None: t=159.00349870001082, value=j, duration=0.15118709999660496>
159.5007 	EXP 	New trial (rep=0, index=24): <Trial 24 (24 in rep 0) data={'id': 30, 'imagen': 'media/happiness/happiness_10.png', 'emocion': 'alegria', 'tecla_correcta': 'f', 'thisN': 24, 'thisTrialN': 24, 'thisRepN': 0}>
159.5311 	EXP 	iti_txt: autoDraw = False
159.5311 	EXP 	iti_txt: autoDraw = False
159.5311 	EXP 	imagen_experiemental: image = 'media/happiness/happiness_10.png'
159.5311 	EXP 	fix_cross_experimental: autoDraw = True
160.0048 	INFO 	Keyboard events cleared
160.0042 	EXP 	imagen_experiemental: autoDraw = True
160.0251 	EXP 	fix_cross_experimental: autoDraw = False
160.6390 	EXP 	Device response: <KeyPress from None: t=160.63685070000065, value=f, duration=None>
160.6409 	DATA 	Keypress: f
160.6450 	EXP 	fix_cross_experimental: autoDraw = False
160.6450 	EXP 	imagen_experiemental: autoDraw = False
160.6450 	EXP 	iti_txt: autoDraw = True
160.8533 	EXP 	Device response: <KeyPress from None: t=160.63685070000065, value=f, duration=0.21042300001136027>
161.1315 	EXP 	New trial (rep=0, index=25): <Trial 25 (25 in rep 0) data={'id': 27, 'imagen': 'media/happiness/happiness_07.png', 'emocion': 'alegria', 'tecla_correcta': 'f', 'thisN': 25, 'thisTrialN': 25, 'thisRepN': 0}>
161.1532 	EXP 	iti_txt: autoDraw = False
161.1532 	EXP 	iti_txt: autoDraw = False
161.1532 	EXP 	imagen_experiemental: image = 'media/happiness/happiness_07.png'
161.1532 	EXP 	fix_cross_experimental: autoDraw = True
161.6340 	INFO 	Keyboard events cleared
161.6334 	EXP 	imagen_experiemental: autoDraw = True
161.6474 	EXP 	fix_cross_experimental: autoDraw = False
162.4205 	EXP 	Device response: <KeyPress from None: t=162.41701170000306, value=f, duration=None>
162.4234 	DATA 	Keypress: f
162.4263 	EXP 	fix_cross_experimental: autoDraw = False
162.4263 	EXP 	imagen_experiemental: autoDraw = False
162.4263 	EXP 	iti_txt: autoDraw = True
162.6215 	EXP 	Device response: <KeyPress from None: t=162.41701170000306, value=f, duration=0.1982512999966275>
162.9145 	EXP 	New trial (rep=0, index=26): <Trial 26 (26 in rep 0) data={'id': 9, 'imagen': 'media/anger/anger_09.png', 'emocion': 'ira', 'tecla_correcta': 'h', 'thisN': 26, 'thisTrialN': 26, 'thisRepN': 0}>
162.9343 	EXP 	iti_txt: autoDraw = False
162.9343 	EXP 	iti_txt: autoDraw = False
162.9343 	EXP 	imagen_experiemental: image = 'media/anger/anger_09.png'
162.9343 	EXP 	fix_cross_experimental: autoDraw = True
163.4151 	INFO 	Keyboard events cleared
163.4146 	EXP 	imagen_experiemental: autoDraw = True
163.4284 	EXP 	fix_cross_experimental: autoDraw = False
164.4585 	EXP 	Device response: <KeyPress from None: t=164.4557644000015, value=h, duration=None>
164.4602 	DATA 	Keypress: h
164.4648 	EXP 	fix_cross_experimental: autoDraw = False
164.4648 	EXP 	imagen_experiemental: autoDraw = False
164.4648 	EXP 	iti_txt: autoDraw = True
164.5699 	EXP 	Device response: <KeyPress from None: t=164.4557644000015, value=h, duration=0.10766860000148881>
164.9524 	EXP 	New trial (rep=0, index=27): <Trial 27 (27 in rep 0) data={'id': 13, 'imagen': 'media/fear/fear_03.png', 'emocion': 'miedo', 'tecla_correcta': 'j', 'thisN': 27, 'thisTrialN': 27, 'thisRepN': 0}>
164.9723 	EXP 	iti_txt: autoDraw = False
164.9723 	EXP 	iti_txt: autoDraw = False
164.9723 	EXP 	imagen_experiemental: image = 'media/fear/fear_03.png'
164.9723 	EXP 	fix_cross_experimental: autoDraw = True
165.4534 	INFO 	Keyboard events cleared
165.4525 	EXP 	imagen_experiemental: autoDraw = True
165.4665 	EXP 	fix_cross_experimental: autoDraw = False
166.8809 	EXP 	Device response: <KeyPress from None: t=166.87948970000434, value=j, duration=None>
166.8823 	DATA 	Keypress: j
166.8922 	EXP 	fix_cross_experimental: autoDraw = False
166.8922 	EXP 	imagen_experiemental: autoDraw = False
166.8922 	EXP 	iti_txt: autoDraw = True
167.0528 	EXP 	Device response: <KeyPress from None: t=166.87948970000434, value=j, duration=0.16707920000771992>
167.3800 	EXP 	New trial (rep=0, index=28): <Trial 28 (28 in rep 0) data={'id': 37, 'imagen': 'media/sadness/sadness_07.png', 'emocion': 'tristeza', 'tecla_correcta': 'g', 'thisN': 28, 'thisTrialN': 28, 'thisRepN': 0}>
167.4051 	EXP 	iti_txt: autoDraw = False
167.4051 	EXP 	iti_txt: autoDraw = False
167.4051 	EXP 	imagen_experiemental: image = 'media/sadness/sadness_07.png'
167.4051 	EXP 	fix_cross_experimental: autoDraw = True
167.8829 	INFO 	Keyboard events cleared
167.8824 	EXP 	imagen_experiemental: autoDraw = True
167.8962 	EXP 	fix_cross_experimental: autoDraw = False
169.6159 	EXP 	Device response: <KeyPress from None: t=169.6107856000017, value=g, duration=None>
169.6178 	DATA 	Keypress: g
169.6218 	EXP 	fix_cross_experimental: autoDraw = False
169.6218 	EXP 	imagen_experiemental: autoDraw = False
169.6218 	EXP 	iti_txt: autoDraw = True
169.7962 	EXP 	Device response: <KeyPress from None: t=169.6107856000017, value=g, duration=0.18066240000189282>
170.1089 	EXP 	New trial (rep=0, index=29): <Trial 29 (29 in rep 0) data={'id': 12, 'imagen': 'media/fear/fear_02.png', 'emocion': 'miedo', 'tecla_correcta': 'j', 'thisN': 29, 'thisTrialN': 29, 'thisRepN': 0}>
170.1351 	EXP 	iti_txt: autoDraw = False
170.1351 	EXP 	iti_txt: autoDraw = False
170.1351 	EXP 	imagen_experiemental: image = 'media/fear/fear_02.png'
170.1351 	EXP 	fix_cross_experimental: autoDraw = True
170.6118 	INFO 	Keyboard events cleared
170.6113 	EXP 	imagen_experiemental: autoDraw = True
170.6252 	EXP 	fix_cross_experimental: autoDraw = False
172.9288 	EXP 	Device response: <KeyPress from None: t=172.92723290000868, value=j, duration=None>
172.9300 	DATA 	Keypress: j
172.9343 	EXP 	fix_cross_experimental: autoDraw = False
172.9343 	EXP 	imagen_experiemental: autoDraw = False
172.9343 	EXP 	iti_txt: autoDraw = True
173.0814 	EXP 	Device response: <KeyPress from None: t=172.92723290000868, value=j, duration=0.14743679999082815>
173.4222 	EXP 	New trial (rep=0, index=30): <Trial 30 (30 in rep 0) data={'id': 18, 'imagen': 'media/fear/fear_08.png', 'emocion': 'miedo', 'tecla_correcta': 'j', 'thisN': 30, 'thisTrialN': 30, 'thisRepN': 0}>
173.4525 	EXP 	iti_txt: autoDraw = False
173.4525 	EXP 	iti_txt: autoDraw = False
173.4525 	EXP 	imagen_experiemental: image = 'media/fear/fear_08.png'
173.4525 	EXP 	fix_cross_experimental: autoDraw = True
173.9193 	INFO 	Keyboard events cleared
173.9186 	EXP 	imagen_experiemental: autoDraw = True
173.9465 	EXP 	fix_cross_experimental: autoDraw = False
174.8033 	EXP 	Device response: <KeyPress from None: t=174.80207340000197, value=j, duration=None>
174.8048 	DATA 	Keypress: j
174.8091 	EXP 	fix_cross_experimental: autoDraw = False
174.8091 	EXP 	imagen_experiemental: autoDraw = False
174.8091 	EXP 	iti_txt: autoDraw = True
174.9624 	EXP 	Device response: <KeyPress from None: t=174.80207340000197, value=j, duration=0.15369839999766555>
175.2963 	EXP 	New trial (rep=0, index=31): <Trial 31 (31 in rep 0) data={'id': 29, 'imagen': 'media/happiness/happiness_09.png', 'emocion': 'alegria', 'tecla_correcta': 'f', 'thisN': 31, 'thisTrialN': 31, 'thisRepN': 0}>
175.3187 	EXP 	iti_txt: autoDraw = False
175.3187 	EXP 	iti_txt: autoDraw = False
175.3187 	EXP 	imagen_experiemental: image = 'media/happiness/happiness_09.png'
175.3187 	EXP 	fix_cross_experimental: autoDraw = True
175.7998 	INFO 	Keyboard events cleared
175.7990 	EXP 	imagen_experiemental: autoDraw = True
175.8127 	EXP 	fix_cross_experimental: autoDraw = False
176.5811 	EXP 	Device response: <KeyPress from None: t=176.57756400000653, value=f, duration=None>
176.5839 	DATA 	Keypress: f
176.5864 	EXP 	fix_cross_experimental: autoDraw = False
176.5864 	EXP 	imagen_experiemental: autoDraw = False
176.5864 	EXP 	iti_txt: autoDraw = True
176.7680 	EXP 	Device response: <KeyPress from None: t=176.57756400000653, value=f, duration=0.18633899999258574>
177.0726 	EXP 	New trial (rep=0, index=32): <Trial 32 (32 in rep 0) data={'id': 32, 'imagen': 'media/sadness/sadness_02.png', 'emocion': 'tristeza', 'tecla_correcta': 'g', 'thisN': 32, 'thisTrialN': 32, 'thisRepN': 0}>
177.0930 	EXP 	iti_txt: autoDraw = False
177.0930 	EXP 	iti_txt: autoDraw = False
177.0930 	EXP 	imagen_experiemental: image = 'media/sadness/sadness_02.png'
177.0930 	EXP 	fix_cross_experimental: autoDraw = True
177.5734 	INFO 	Keyboard events cleared
177.5730 	EXP 	imagen_experiemental: autoDraw = True
177.5868 	EXP 	fix_cross_experimental: autoDraw = False
179.7930 	EXP 	Device response: <KeyPress from None: t=179.79122860000643, value=j, duration=None>
179.7945 	DATA 	Keypress: j
179.7987 	EXP 	fix_cross_experimental: autoDraw = False
179.7987 	EXP 	imagen_experiemental: autoDraw = False
179.7987 	EXP 	iti_txt: autoDraw = True
179.9732 	EXP 	Device response: <KeyPress from None: t=179.79122860000643, value=j, duration=0.17913419999240432>
180.2861 	EXP 	New trial (rep=0, index=33): <Trial 33 (33 in rep 0) data={'id': 38, 'imagen': 'media/sadness/sadness_08.png', 'emocion': 'tristeza', 'tecla_correcta': 'g', 'thisN': 33, 'thisTrialN': 33, 'thisRepN': 0}>
180.3057 	EXP 	iti_txt: autoDraw = False
180.3057 	EXP 	iti_txt: autoDraw = False
180.3057 	EXP 	imagen_experiemental: image = 'media/sadness/sadness_08.png'
180.3057 	EXP 	fix_cross_experimental: autoDraw = True
180.7866 	INFO 	Keyboard events cleared
180.7859 	EXP 	imagen_experiemental: autoDraw = True
180.7997 	EXP 	fix_cross_experimental: autoDraw = False
182.8808 	EXP 	Device response: <KeyPress from None: t=182.87481140000455, value=j, duration=None>
182.8834 	DATA 	Keypress: j
182.8866 	EXP 	fix_cross_experimental: autoDraw = False
182.8866 	EXP 	imagen_experiemental: autoDraw = False
182.8866 	EXP 	iti_txt: autoDraw = True
183.0678 	EXP 	Device response: <KeyPress from None: t=182.87481140000455, value=j, duration=0.1888487999967765>
183.3740 	EXP 	New trial (rep=0, index=34): <Trial 34 (34 in rep 0) data={'id': 5, 'imagen': 'media/anger/anger_05.png', 'emocion': 'ira', 'tecla_correcta': 'h', 'thisN': 34, 'thisTrialN': 34, 'thisRepN': 0}>
183.3952 	EXP 	iti_txt: autoDraw = False
183.3952 	EXP 	iti_txt: autoDraw = False
183.3952 	EXP 	imagen_experiemental: image = 'media/anger/anger_05.png'
183.3952 	EXP 	fix_cross_experimental: autoDraw = True
183.8757 	INFO 	Keyboard events cleared
183.8754 	EXP 	imagen_experiemental: autoDraw = True
183.8894 	EXP 	fix_cross_experimental: autoDraw = False
184.5794 	EXP 	Device response: <KeyPress from None: t=184.5724506000115, value=h, duration=None>
184.5822 	DATA 	Keypress: h
184.5870 	EXP 	fix_cross_experimental: autoDraw = False
184.5870 	EXP 	imagen_experiemental: autoDraw = False
184.5870 	EXP 	iti_txt: autoDraw = True
184.7388 	EXP 	Device response: <KeyPress from None: t=184.5724506000115, value=h, duration=0.1596292999893194>
185.0739 	EXP 	New trial (rep=0, index=35): <Trial 35 (35 in rep 0) data={'id': 1, 'imagen': 'media/anger/anger_01.png', 'emocion': 'ira', 'tecla_correcta': 'h', 'thisN': 35, 'thisTrialN': 35, 'thisRepN': 0}>
185.0973 	EXP 	iti_txt: autoDraw = False
185.0973 	EXP 	iti_txt: autoDraw = False
185.0973 	EXP 	imagen_experiemental: image = 'media/anger/anger_01.png'
185.0973 	EXP 	fix_cross_experimental: autoDraw = True
185.5756 	INFO 	Keyboard events cleared
185.5751 	EXP 	imagen_experiemental: autoDraw = True
185.5890 	EXP 	fix_cross_experimental: autoDraw = False
186.6608 	EXP 	Device response: <KeyPress from None: t=186.6566798999993, value=j, duration=None>
186.6627 	DATA 	Keypress: j
186.6675 	EXP 	fix_cross_experimental: autoDraw = False
186.6675 	EXP 	imagen_experiemental: autoDraw = False
186.6675 	EXP 	iti_txt: autoDraw = True
186.7723 	EXP 	Device response: <KeyPress from None: t=186.6566798999993, value=j, duration=0.11055320000741631>
187.1546 	EXP 	New trial (rep=0, index=36): <Trial 36 (36 in rep 0) data={'id': 28, 'imagen': 'media/happiness/happiness_08.png', 'emocion': 'alegria', 'tecla_correcta': 'f', 'thisN': 36, 'thisTrialN': 36, 'thisRepN': 0}>
187.1803 	EXP 	iti_txt: autoDraw = False
187.1803 	EXP 	iti_txt: autoDraw = False
187.1803 	EXP 	imagen_experiemental: image = 'media/happiness/happiness_08.png'
187.1803 	EXP 	fix_cross_experimental: autoDraw = True
187.6583 	INFO 	Keyboard events cleared
187.6574 	EXP 	imagen_experiemental: autoDraw = True
187.6711 	EXP 	fix_cross_experimental: autoDraw = False
188.2779 	EXP 	Device response: <KeyPress from None: t=188.27565660000255, value=f, duration=None>
188.2802 	DATA 	Keypress: f
188.2832 	EXP 	fix_cross_experimental: autoDraw = False
188.2832 	EXP 	imagen_experiemental: autoDraw = False
188.2832 	EXP 	iti_txt: autoDraw = True
188.5139 	EXP 	Device response: <KeyPress from None: t=188.27565660000255, value=f, duration=0.23553370000445284>
188.7708 	EXP 	New trial (rep=0, index=37): <Trial 37 (37 in rep 0) data={'id': 16, 'imagen': 'media/fear/fear_06.png', 'emocion': 'miedo', 'tecla_correcta': 'j', 'thisN': 37, 'thisTrialN': 37, 'thisRepN': 0}>
188.7908 	EXP 	iti_txt: autoDraw = False
188.7908 	EXP 	iti_txt: autoDraw = False
188.7908 	EXP 	imagen_experiemental: image = 'media/fear/fear_06.png'
188.7908 	EXP 	fix_cross_experimental: autoDraw = True
189.2719 	INFO 	Keyboard events cleared
189.2712 	EXP 	imagen_experiemental: autoDraw = True
189.2851 	EXP 	fix_cross_experimental: autoDraw = False
191.9224 	EXP 	Device response: <KeyPress from None: t=191.91610570000194, value=j, duration=None>
191.9251 	DATA 	Keypress: j
191.9296 	EXP 	fix_cross_experimental: autoDraw = False
191.9296 	EXP 	imagen_experiemental: autoDraw = False
191.9296 	EXP 	iti_txt: autoDraw = True
192.1237 	EXP 	Device response: <KeyPress from None: t=191.91610570000194, value=j, duration=0.2031485000043176>
192.4161 	EXP 	New trial (rep=0, index=38): <Trial 38 (38 in rep 0) data={'id': 20, 'imagen': 'media/fear/fear_10.png', 'emocion': 'miedo', 'tecla_correcta': 'j', 'thisN': 38, 'thisTrialN': 38, 'thisRepN': 0}>
192.4377 	EXP 	iti_txt: autoDraw = False
192.4377 	EXP 	iti_txt: autoDraw = False
192.4377 	EXP 	imagen_experiemental: image = 'media/fear/fear_10.png'
192.4377 	EXP 	fix_cross_experimental: autoDraw = True
192.9186 	INFO 	Keyboard events cleared
192.9181 	EXP 	imagen_experiemental: autoDraw = True
192.9321 	EXP 	fix_cross_experimental: autoDraw = False
194.6992 	EXP 	Device response: <KeyPress from None: t=194.69266900001094, value=j, duration=None>
194.7002 	DATA 	Keypress: j
194.7054 	EXP 	fix_cross_experimental: autoDraw = False
194.7054 	EXP 	imagen_experiemental: autoDraw = False
194.7054 	EXP 	iti_txt: autoDraw = True
194.8524 	EXP 	Device response: <KeyPress from None: t=194.69266900001094, value=j, duration=0.15487119999306742>
195.1932 	EXP 	New trial (rep=0, index=39): <Trial 39 (39 in rep 0) data={'id': 23, 'imagen': 'media/happiness/happiness_03.png', 'emocion': 'alegria', 'tecla_correcta': 'f', 'thisN': 39, 'thisTrialN': 39, 'thisRepN': 0}>
195.2175 	EXP 	iti_txt: autoDraw = False
195.2175 	EXP 	iti_txt: autoDraw = False
195.2175 	EXP 	imagen_experiemental: image = 'media/happiness/happiness_03.png'
195.2175 	EXP 	fix_cross_experimental: autoDraw = True
195.6960 	INFO 	Keyboard events cleared
195.6955 	EXP 	imagen_experiemental: autoDraw = True
195.7095 	EXP 	fix_cross_experimental: autoDraw = False
196.4613 	EXP 	Device response: <KeyPress from None: t=196.4589280000073, value=f, duration=None>
196.4627 	DATA 	Keypress: f
196.4677 	EXP 	fix_cross_experimental: autoDraw = False
196.4677 	EXP 	imagen_experiemental: autoDraw = False
196.4677 	EXP 	iti_txt: autoDraw = True
196.6631 	EXP 	Device response: <KeyPress from None: t=196.4589280000073, value=f, duration=0.19823270000051707>
196.9616 	EXP 	iti_txt: autoDraw = False
196.9616 	EXP 	iti_txt: autoDraw = False
196.9616 	EXP 	fin_experimento_txt: autoDraw = True
201.9555 	EXP 	fin_experimento_txt: autoDraw = False
201.9555 	EXP 	fin_experimento_txt: autoDraw = False
201.9557 	EXP 	categorizacion_emocional: status = STOPPED
201.9869 	INFO 	saved data to 'C:\\Users\\Marcelo\\Desktop\\categorizacion_emocional\\data\\001_categorizacion_emocional_2026-03-20_10h50.55.251.csv'
201.9897 	INFO 	saved data to C:\Users\Marcelo\Desktop\categorizacion_emocional\data\001_categorizacion_emocional_2026-03-20_10h50.55.251.psydat
