9.9175 	INFO 	Loaded monitor calibration from ['2026_03_20 09:58']
10.3313 	INFO 	Using renderer 'NVIDIA GeForce RTX 4060 Laptop GPU/PCIe/SSE2' for graphics
10.3314 	INFO 	OpenGL version supported by driver is 4..
10.3789 	EXP 	Created window1 = Window(allowGUI=False, allowStencil=False, autoLog=True, backendConf=UNKNOWN, backgroundFit=<method-wrapper '__getattribute__' of attributeSetter object at 0x00000292A276EDD0>, backgroundImage=<method-wrapper '__getattribute__' of attributeSetter object at 0x00000292A276ED70>, bitsMode=UNKNOWN, blendMode='avg', bpc=(8, 8, 8), color=array([-1., -1., -1.]), colorSpace='rgb', depthBits=8, fullscr=True, gamma=None, gammaErrorPolicy='raise', infoMsg=UNKNOWN, lms=UNKNOWN, monitor=<psychopy.monitors.calibTools.Monitor object at 0x00000292A496B5E0>, multiSample=False, name='window1', numSamples=2, pos=[np.float64(0.0), np.float64(0.0)], screen=0, size=array([1920, 1080]), stencilBits=0, stereo=False, title='PsychoPy', units='height', useFBO=True, useRetina=False, viewOri=0.0, viewPos=None, viewScale=None, waitBlanking=True, winType='pyglet')
10.3790 	EXP 	window1: backgroundImage = ''
10.3790 	EXP 	window1: backgroundFit = 'none'
11.0240 	EXP 	window1: Attempting to measure frame rate of screen (0) ...
11.0240 	EXP 	window1: recordFrameIntervals = False
11.2017 	EXP 	window1: recordFrameIntervals = True
11.8994 	EXP 	window1: recordFrameIntervals = False
11.8994 	EXP 	Screen (0) actual frame rate measured at 142.85Hz
14.9441 	INFO 	keyboard.Keyboard is using iohub backend.
14.9442 	EXP 	categorizacion_emocional: status = STARTED
15.1300 	EXP 	Created instructioness_txt = TextStim(__class__=<class 'psychopy.visual.text.TextStim'>, alignHoriz=method-wrapper(...), alignText='center', alignVert=method-wrapper(...), anchorHoriz='center', anchorVert='center', antialias=True, autoDraw=False, autoLog=True, bold=False, color=array([1., 1., 1.]), colorSpace='rgb', contrast=1.0, depth=0.0, draggable=False, flipHoriz=False, flipVert=False, font='Arial', fontFiles=[], height=np.float64(0.04), italic=False, languageStyle='LTR', name='instructioness_txt', opacity=1, ori=0.0, pos=array([0., 0.]), rgb=UNKNOWN, text=str(...), units='height', win=Window(...), wrapWidth=1)
15.1517 	EXP 	Created inicio_fase_practica_txt = TextStim(__class__=<class 'psychopy.visual.text.TextStim'>, alignHoriz=method-wrapper(...), alignText='center', alignVert=method-wrapper(...), anchorHoriz='center', anchorVert='center', antialias=True, autoDraw=False, autoLog=True, bold=False, color=array([1., 1., 1.]), colorSpace='rgb', contrast=1.0, depth=0.0, draggable=False, flipHoriz=False, flipVert=False, font='Arial', fontFiles=[], height=np.float64(0.05), italic=False, languageStyle='LTR', name='inicio_fase_practica_txt', opacity=1, ori=0.0, pos=array([0., 0.]), rgb=UNKNOWN, text=str(...), units='height', win=Window(...), wrapWidth=1)
15.1550 	EXP 	Created fix_cross_practice = ShapeStim(__class__=<class 'psychopy.visual.shape.ShapeStim'>, anchor=('center', 'center'), autoDraw=False, autoLog=True, closeShape=True, color=method-wrapper(...), colorSpace='rgb', contrast=None, depth=0.0, draggable=False, fillColor=array([1, 1, 1]), fillColorSpace='rgb', fillRGB=array([1, 1, 1]), interpolate=True, lineColor=array([1., 1., 1.]), lineColorSpace='rgb', lineRGB=array([1, 1, 1]), lineWidth=1.0, name='fix_cross_practice', opacity=1, ori=0.0, pos=array([0., 0.]), size=array([0.05, 0.05]), units='height', vertices=ndarray(...), win=Window(...), windingRule=None)
15.1566 	EXP 	Created palabra_txt = TextStim(__class__=<class 'psychopy.visual.text.TextStim'>, alignHoriz=method-wrapper(...), alignText='center', alignVert=method-wrapper(...), anchorHoriz='center', anchorVert='center', antialias=True, autoDraw=False, autoLog=True, bold=False, color=array([1., 1., 1.]), colorSpace='rgb', contrast=1.0, depth=-1.0, draggable=False, flipHoriz=False, flipVert=False, font='Arial', fontFiles=[], height=0.08, italic=False, languageStyle='LTR', name='palabra_txt', opacity=1, ori=0.0, pos=array([0., 0.]), rgb=UNKNOWN, text='', units='height', win=Window(...), wrapWidth=1)
15.1576 	EXP 	Created feedback_txt = TextStim(__class__=<class 'psychopy.visual.text.TextStim'>, alignHoriz=method-wrapper(...), alignText='center', alignVert=method-wrapper(...), anchorHoriz='center', anchorVert='center', antialias=True, autoDraw=False, autoLog=True, bold=False, color=array([1., 1., 1.]), colorSpace='rgb', contrast=1.0, depth=-1.0, draggable=False, flipHoriz=False, flipVert=False, font='Arial', fontFiles=[], height=0.07, italic=False, languageStyle='LTR', name='feedback_txt', opacity=1, ori=0.0, pos=array([0., 0.]), rgb=UNKNOWN, text='', units='height', win=Window(...), wrapWidth=1)
15.1682 	EXP 	Created fin_fase_practica_txt = TextStim(__class__=<class 'psychopy.visual.text.TextStim'>, alignHoriz=method-wrapper(...), alignText='center', alignVert=method-wrapper(...), anchorHoriz='center', anchorVert='center', antialias=True, autoDraw=False, autoLog=True, bold=False, color=array([1., 1., 1.]), colorSpace='rgb', contrast=1.0, depth=0.0, draggable=False, flipHoriz=False, flipVert=False, font='Arial', fontFiles=[], height=np.float64(0.05), italic=False, languageStyle='LTR', name='fin_fase_practica_txt', opacity=1, ori=0.0, pos=array([0., 0.]), rgb=UNKNOWN, text=str(...), units='height', win=Window(...), wrapWidth=1)
15.1711 	EXP 	Created descanso_txt = TextStim(__class__=<class 'psychopy.visual.text.TextStim'>, alignHoriz=method-wrapper(...), alignText='center', alignVert=method-wrapper(...), anchorHoriz='center', anchorVert='center', antialias=True, autoDraw=False, autoLog=True, bold=False, color=array([1., 1., 1.]), colorSpace='rgb', contrast=1.0, depth=0.0, draggable=False, flipHoriz=False, flipVert=False, font='Arial', fontFiles=[], height=np.float64(0.05), italic=False, languageStyle='LTR', name='descanso_txt', opacity=1, ori=0.0, pos=array([0., 0.]), rgb=UNKNOWN, text='Fase de descanso\n', units='height', win=Window(...), wrapWidth=1)
15.1816 	EXP 	Created inicio_fase_experimental_txt = TextStim(__class__=<class 'psychopy.visual.text.TextStim'>, alignHoriz=method-wrapper(...), alignText='center', alignVert=method-wrapper(...), anchorHoriz='center', anchorVert='center', antialias=True, autoDraw=False, autoLog=True, bold=False, color=array([1., 1., 1.]), colorSpace='rgb', contrast=1.0, depth=0.0, draggable=False, flipHoriz=False, flipVert=False, font='Arial', fontFiles=[], height=np.float64(0.05), italic=False, languageStyle='LTR', name='inicio_fase_experimental_txt', opacity=1, ori=0.0, pos=array([0., 0.]), rgb=UNKNOWN, text=str(...), units='height', win=Window(...), wrapWidth=1)
15.1830 	EXP 	Created fix_cross_experimental = ShapeStim(__class__=<class 'psychopy.visual.shape.ShapeStim'>, anchor=('center', 'center'), autoDraw=False, autoLog=True, closeShape=True, color=method-wrapper(...), colorSpace='rgb', contrast=None, depth=0.0, draggable=False, fillColor=array([1, 1, 1]), fillColorSpace='rgb', fillRGB=array([1, 1, 1]), interpolate=True, lineColor=array([1., 1., 1.]), lineColorSpace='rgb', lineRGB=array([1, 1, 1]), lineWidth=1.0, name='fix_cross_experimental', opacity=1, ori=0.0, pos=array([0., 0.]), size=array([0.05, 0.05]), units='height', vertices=ndarray(...), win=Window(...), windingRule=None)
15.1875 	EXP 	Created imagen_experiemental = ImageStim(__class__=<class 'psychopy.visual.image.ImageStim'>, anchor=('center', 'center'), autoLog=True, color=array([1., 1., 1.]), colorSpace='rgb', contrast=1.0, depth=-1.0, draggable=False, flipHoriz=np.False_, flipVert=np.False_, image='default.png', interpolate=True, mask=None, maskParams=None, name='imagen_experiemental', opacity=1, ori=0.0, pos=array([0., 0.]), size=array([0.23703704, 0.23703704]), texRes=128.0, units='height', win=Window(...))
15.1885 	EXP 	Created iti_txt = TextStim(__class__=<class 'psychopy.visual.text.TextStim'>, alignHoriz=method-wrapper(...), alignText='center', alignVert=method-wrapper(...), anchorHoriz='center', anchorVert='center', antialias=True, autoDraw=False, autoLog=True, bold=False, color=array([1., 1., 1.]), colorSpace='rgb', contrast=1.0, depth=0.0, draggable=False, flipHoriz=False, flipVert=False, font='Arial', fontFiles=[], height=np.float64(0.05), italic=False, languageStyle='LTR', name='iti_txt', opacity=1, ori=0.0, pos=array([0., 0.]), rgb=UNKNOWN, text='', units='height', win=Window(...), wrapWidth=1)
15.1916 	EXP 	Created fin_experimento_txt = TextStim(__class__=<class 'psychopy.visual.text.TextStim'>, alignHoriz=method-wrapper(...), alignText='center', alignVert=method-wrapper(...), anchorHoriz='center', anchorVert='center', antialias=True, autoDraw=False, autoLog=True, bold=False, color=array([1., 1., 1.]), colorSpace='rgb', contrast=1.0, depth=0.0, draggable=False, flipHoriz=False, flipVert=False, font='Arial', fontFiles=[], height=np.float64(0.05), italic=False, languageStyle='LTR', name='fin_experimento_txt', opacity=1, ori=0.0, pos=array([0., 0.]), rgb=UNKNOWN, text=str(...), units='height', win=Window(...), wrapWidth=1)
0.0047 	INFO 	Keyboard events cleared
0.0045 	EXP 	instructioness_txt: autoDraw = True
4.7281 	EXP 	Device response: <KeyPress from None: t=4.720082100000582, value=space, duration=None>
4.7294 	DATA 	Keypress: space
4.7367 	INFO 	Keyboard events cleared
4.7362 	EXP 	instructioness_txt: autoDraw = False
4.7362 	EXP 	inicio_fase_practica_txt: autoDraw = True
4.8589 	EXP 	Device response: <KeyPress from None: t=4.720082100000582, value=space, duration=0.13405090000014752>
5.3677 	EXP 	Device response: <KeyPress from None: t=5.362005100003444, value=space, duration=None>
5.3728 	EXP 	Imported condiciones_practica.xlsx as conditions, 12 conditions, 4 params
5.3732 	EXP 	New trial (rep=0, index=0): <Trial 0 (0 in rep 0) data={'id_p': 11, 'palabra_p': 'MIEDO', 'emocion_p': 'miedo', 'tecla_correcta_p': 'j', 'thisN': 0, 'thisTrialN': 0, 'thisRepN': 0}>
5.3800 	DATA 	Keypress: space
5.3811 	EXP 	inicio_fase_practica_txt: autoDraw = False
5.3811 	EXP 	palabra_txt: height = np.float64(0.08)
5.3811 	EXP 	palabra_txt: height = np.float64(0.08)
5.3811 	EXP 	palabra_txt: height = np.float64(0.08)
5.3811 	EXP 	palabra_txt: text = 'MIEDO'
5.3811 	EXP 	fix_cross_practice: autoDraw = True
5.5007 	EXP 	Device response: <KeyPress from None: t=5.362005100003444, value=space, duration=0.13697900000261143>
5.8633 	INFO 	Keyboard events cleared
5.8628 	EXP 	palabra_txt: autoDraw = True
5.8766 	EXP 	fix_cross_practice: autoDraw = False
6.2681 	EXP 	Device response: <KeyPress from None: t=6.262765899999067, value=f, duration=None>
6.2743 	DATA 	Keypress: f
6.2748 	EXP 	fix_cross_practice: autoDraw = False
6.2748 	EXP 	palabra_txt: autoDraw = False
6.2748 	EXP 	feedback_txt: height = np.float64(0.07)
6.2748 	EXP 	feedback_txt: height = np.float64(0.07)
6.2748 	EXP 	feedback_txt: height = np.float64(0.07)
6.2748 	EXP 	feedback_txt: text = 'Incorrecto'
6.2748 	EXP 	feedback_txt: autoDraw = True
6.4142 	EXP 	Device response: <KeyPress from None: t=6.262765899999067, value=f, duration=0.14706920000026003>
7.2593 	EXP 	New trial (rep=0, index=1): <Trial 1 (1 in rep 0) data={'id_p': 2, 'palabra_p': 'ALEGRÍA', 'emocion_p': 'alegria', 'tecla_correcta_p': 'f', 'thisN': 1, 'thisTrialN': 1, 'thisRepN': 0}>
7.2721 	EXP 	feedback_txt: autoDraw = False
7.2721 	EXP 	feedback_txt: autoDraw = False
7.2721 	EXP 	palabra_txt: height = np.float64(0.08)
7.2721 	EXP 	palabra_txt: height = np.float64(0.08)
7.2721 	EXP 	palabra_txt: height = np.float64(0.08)
7.2721 	EXP 	palabra_txt: text = 'ALEGRÍA'
7.2721 	EXP 	fix_cross_practice: autoDraw = True
7.7613 	INFO 	Keyboard events cleared
7.7604 	EXP 	palabra_txt: autoDraw = True
7.7673 	EXP 	fix_cross_practice: autoDraw = False
8.7667 	EXP 	Device response: <KeyPress from None: t=8.764271000007284, value=f, duration=None>
8.7771 	DATA 	Keypress: f
8.7789 	EXP 	fix_cross_practice: autoDraw = False
8.7789 	EXP 	palabra_txt: autoDraw = False
8.7789 	EXP 	feedback_txt: height = np.float64(0.07)
8.7789 	EXP 	feedback_txt: height = np.float64(0.07)
8.7789 	EXP 	feedback_txt: height = np.float64(0.07)
8.7789 	EXP 	feedback_txt: text = '¡Correcto!'
8.7789 	EXP 	feedback_txt: autoDraw = True
8.9264 	EXP 	Device response: <KeyPress from None: t=8.764271000007284, value=f, duration=0.16001459999824874>
9.7633 	EXP 	New trial (rep=0, index=2): <Trial 2 (2 in rep 0) data={'id_p': 8, 'palabra_p': 'IRA', 'emocion_p': 'ira', 'tecla_correcta_p': 'h', 'thisN': 2, 'thisTrialN': 2, 'thisRepN': 0}>
9.7692 	EXP 	feedback_txt: autoDraw = False
9.7692 	EXP 	feedback_txt: autoDraw = False
9.7692 	EXP 	palabra_txt: height = np.float64(0.08)
9.7692 	EXP 	palabra_txt: height = np.float64(0.08)
9.7692 	EXP 	palabra_txt: height = np.float64(0.08)
9.7692 	EXP 	palabra_txt: text = 'IRA'
9.7692 	EXP 	fix_cross_practice: autoDraw = True
10.2574 	INFO 	Keyboard events cleared
10.2572 	EXP 	palabra_txt: autoDraw = True
10.2642 	EXP 	fix_cross_practice: autoDraw = False
11.1162 	EXP 	Device response: <KeyPress from None: t=11.111189900009776, value=h, duration=None>
11.1197 	DATA 	Keypress: h
11.1220 	EXP 	fix_cross_practice: autoDraw = False
11.1220 	EXP 	palabra_txt: autoDraw = False
11.1220 	EXP 	feedback_txt: text = '¡Correcto!'
11.1220 	EXP 	feedback_txt: autoDraw = True
11.2560 	EXP 	Device response: <KeyPress from None: t=11.111189900009776, value=h, duration=0.14235259999986738>
12.1060 	EXP 	New trial (rep=0, index=3): <Trial 3 (3 in rep 0) data={'id_p': 1, 'palabra_p': 'ALEGRÍA', 'emocion_p': 'alegria', 'tecla_correcta_p': 'f', 'thisN': 3, 'thisTrialN': 3, 'thisRepN': 0}>
12.1121 	EXP 	feedback_txt: autoDraw = False
12.1121 	EXP 	feedback_txt: autoDraw = False
12.1121 	EXP 	palabra_txt: height = np.float64(0.08)
12.1121 	EXP 	palabra_txt: height = np.float64(0.08)
12.1121 	EXP 	palabra_txt: height = np.float64(0.08)
12.1121 	EXP 	palabra_txt: text = 'ALEGRÍA'
12.1121 	EXP 	fix_cross_practice: autoDraw = True
12.6076 	INFO 	Keyboard events cleared
12.6072 	EXP 	fix_cross_practice: autoDraw = False
12.6072 	EXP 	palabra_txt: autoDraw = True
13.1598 	EXP 	Device response: <KeyPress from None: t=13.156972199998563, value=f, duration=None>
13.1620 	DATA 	Keypress: f
13.1652 	EXP 	fix_cross_practice: autoDraw = False
13.1652 	EXP 	palabra_txt: autoDraw = False
13.1652 	EXP 	feedback_txt: text = '¡Correcto!'
13.1652 	EXP 	feedback_txt: autoDraw = True
13.3052 	EXP 	Device response: <KeyPress from None: t=13.156972199998563, value=f, duration=0.14438120000704657>
14.1492 	EXP 	New trial (rep=0, index=4): <Trial 4 (4 in rep 0) data={'id_p': 3, 'palabra_p': 'ALEGRÍA', 'emocion_p': 'alegria', 'tecla_correcta_p': 'f', 'thisN': 4, 'thisTrialN': 4, 'thisRepN': 0}>
14.1554 	EXP 	feedback_txt: autoDraw = False
14.1554 	EXP 	feedback_txt: autoDraw = False
14.1554 	EXP 	palabra_txt: text = 'ALEGRÍA'
14.1554 	EXP 	fix_cross_practice: autoDraw = True
14.6519 	INFO 	Keyboard events cleared
14.6507 	EXP 	fix_cross_practice: autoDraw = False
14.6507 	EXP 	palabra_txt: autoDraw = True
15.1280 	EXP 	Device response: <KeyPress from None: t=15.125766000011936, value=f, duration=None>
15.1295 	DATA 	Keypress: f
15.1388 	EXP 	fix_cross_practice: autoDraw = False
15.1388 	EXP 	palabra_txt: autoDraw = False
15.1388 	EXP 	feedback_txt: text = '¡Correcto!'
15.1388 	EXP 	feedback_txt: autoDraw = True
15.3204 	EXP 	Device response: <KeyPress from None: t=15.125766000011936, value=f, duration=0.19212169999082107>
16.1230 	EXP 	New trial (rep=0, index=5): <Trial 5 (5 in rep 0) data={'id_p': 5, 'palabra_p': 'TRISTEZA', 'emocion_p': 'tristeza', 'tecla_correcta_p': 'g', 'thisN': 5, 'thisTrialN': 5, 'thisRepN': 0}>
16.1335 	EXP 	feedback_txt: autoDraw = False
16.1335 	EXP 	feedback_txt: autoDraw = False
16.1335 	EXP 	palabra_txt: height = np.float64(0.08)
16.1335 	EXP 	palabra_txt: height = np.float64(0.08)
16.1335 	EXP 	palabra_txt: height = np.float64(0.08)
16.1335 	EXP 	palabra_txt: text = 'TRISTEZA'
16.1335 	EXP 	fix_cross_practice: autoDraw = True
16.6250 	INFO 	Keyboard events cleared
16.6242 	EXP 	fix_cross_practice: autoDraw = False
16.6242 	EXP 	palabra_txt: autoDraw = True
17.9425 	EXP 	Device response: <KeyPress from None: t=17.936148900000262, value=g, duration=None>
17.9439 	DATA 	Keypress: g
17.9488 	EXP 	fix_cross_practice: autoDraw = False
17.9488 	EXP 	palabra_txt: autoDraw = False
17.9488 	EXP 	feedback_txt: text = '¡Correcto!'
17.9488 	EXP 	feedback_txt: autoDraw = True
18.1098 	EXP 	Device response: <KeyPress from None: t=17.936148900000262, value=g, duration=0.1702339000039501>
18.9329 	EXP 	New trial (rep=0, index=6): <Trial 6 (6 in rep 0) data={'id_p': 4, 'palabra_p': 'TRISTEZA', 'emocion_p': 'tristeza', 'tecla_correcta_p': 'g', 'thisN': 6, 'thisTrialN': 6, 'thisRepN': 0}>
18.9391 	EXP 	feedback_txt: autoDraw = False
18.9391 	EXP 	feedback_txt: autoDraw = False
18.9391 	EXP 	palabra_txt: text = 'TRISTEZA'
18.9391 	EXP 	fix_cross_practice: autoDraw = True
19.4345 	INFO 	Keyboard events cleared
19.4342 	EXP 	fix_cross_practice: autoDraw = False
19.4342 	EXP 	palabra_txt: autoDraw = True
19.9160 	EXP 	Device response: <KeyPress from None: t=19.910145500005456, value=g, duration=None>
19.9172 	DATA 	Keypress: g
19.9223 	EXP 	fix_cross_practice: autoDraw = False
19.9223 	EXP 	palabra_txt: autoDraw = False
19.9223 	EXP 	feedback_txt: text = '¡Correcto!'
19.9223 	EXP 	feedback_txt: autoDraw = True
20.0905 	EXP 	Device response: <KeyPress from None: t=19.910145500005456, value=g, duration=0.17827069999475498>
20.9062 	EXP 	New trial (rep=0, index=7): <Trial 7 (7 in rep 0) data={'id_p': 9, 'palabra_p': 'IRA', 'emocion_p': 'ira', 'tecla_correcta_p': 'h', 'thisN': 7, 'thisTrialN': 7, 'thisRepN': 0}>
20.9125 	EXP 	feedback_txt: autoDraw = False
20.9125 	EXP 	feedback_txt: autoDraw = False
20.9125 	EXP 	palabra_txt: height = np.float64(0.08)
20.9125 	EXP 	palabra_txt: height = np.float64(0.08)
20.9125 	EXP 	palabra_txt: height = np.float64(0.08)
20.9125 	EXP 	palabra_txt: text = 'IRA'
20.9125 	EXP 	fix_cross_practice: autoDraw = True
21.4080 	INFO 	Keyboard events cleared
21.4077 	EXP 	fix_cross_practice: autoDraw = False
21.4077 	EXP 	palabra_txt: autoDraw = True
22.1419 	EXP 	Device response: <KeyPress from None: t=22.14007570000831, value=h, duration=None>
22.1436 	DATA 	Keypress: h
22.1468 	EXP 	fix_cross_practice: autoDraw = False
22.1468 	EXP 	palabra_txt: autoDraw = False
22.1468 	EXP 	feedback_txt: text = '¡Correcto!'
22.1468 	EXP 	feedback_txt: autoDraw = True
22.3234 	EXP 	Device response: <KeyPress from None: t=22.14007570000831, value=h, duration=0.1802192000031937>
23.1357 	EXP 	New trial (rep=0, index=8): <Trial 8 (8 in rep 0) data={'id_p': 10, 'palabra_p': 'MIEDO', 'emocion_p': 'miedo', 'tecla_correcta_p': 'j', 'thisN': 8, 'thisTrialN': 8, 'thisRepN': 0}>
23.1419 	EXP 	feedback_txt: autoDraw = False
23.1419 	EXP 	feedback_txt: autoDraw = False
23.1419 	EXP 	palabra_txt: height = np.float64(0.08)
23.1419 	EXP 	palabra_txt: height = np.float64(0.08)
23.1419 	EXP 	palabra_txt: height = np.float64(0.08)
23.1419 	EXP 	palabra_txt: text = 'MIEDO'
23.1419 	EXP 	fix_cross_practice: autoDraw = True
23.6365 	INFO 	Keyboard events cleared
23.6359 	EXP 	fix_cross_practice: autoDraw = False
23.6359 	EXP 	palabra_txt: autoDraw = True
24.1455 	EXP 	Device response: <KeyPress from None: t=24.14436070001102, value=j, duration=None>
24.1462 	DATA 	Keypress: j
24.1574 	EXP 	fix_cross_practice: autoDraw = False
24.1574 	EXP 	palabra_txt: autoDraw = False
24.1574 	EXP 	feedback_txt: text = '¡Correcto!'
24.1574 	EXP 	feedback_txt: autoDraw = True
24.3251 	EXP 	Device response: <KeyPress from None: t=24.14436070001102, value=j, duration=0.17434789999970235>
25.1463 	EXP 	New trial (rep=0, index=9): <Trial 9 (9 in rep 0) data={'id_p': 12, 'palabra_p': 'MIEDO', 'emocion_p': 'miedo', 'tecla_correcta_p': 'j', 'thisN': 9, 'thisTrialN': 9, 'thisRepN': 0}>
25.1522 	EXP 	feedback_txt: autoDraw = False
25.1522 	EXP 	feedback_txt: autoDraw = False
25.1522 	EXP 	palabra_txt: text = 'MIEDO'
25.1522 	EXP 	fix_cross_practice: autoDraw = True
25.6461 	INFO 	Keyboard events cleared
25.6458 	EXP 	fix_cross_practice: autoDraw = False
25.6458 	EXP 	palabra_txt: autoDraw = True
26.9476 	EXP 	Device response: <KeyPress from None: t=26.944604700009222, value=j, duration=None>
26.9493 	DATA 	Keypress: j
26.9535 	EXP 	fix_cross_practice: autoDraw = False
26.9535 	EXP 	palabra_txt: autoDraw = False
26.9535 	EXP 	feedback_txt: text = '¡Correcto!'
26.9535 	EXP 	feedback_txt: autoDraw = True
27.0999 	EXP 	Device response: <KeyPress from None: t=26.944604700009222, value=j, duration=0.15010099999199156>
27.9428 	EXP 	New trial (rep=0, index=10): <Trial 10 (10 in rep 0) data={'id_p': 6, 'palabra_p': 'TRISTEZA', 'emocion_p': 'tristeza', 'tecla_correcta_p': 'g', 'thisN': 10, 'thisTrialN': 10, 'thisRepN': 0}>
27.9506 	EXP 	feedback_txt: autoDraw = False
27.9506 	EXP 	feedback_txt: autoDraw = False
27.9506 	EXP 	palabra_txt: height = np.float64(0.08)
27.9506 	EXP 	palabra_txt: height = np.float64(0.08)
27.9506 	EXP 	palabra_txt: height = np.float64(0.08)
27.9506 	EXP 	palabra_txt: text = 'TRISTEZA'
27.9506 	EXP 	fix_cross_practice: autoDraw = True
28.4422 	INFO 	Keyboard events cleared
28.4419 	EXP 	fix_cross_practice: autoDraw = False
28.4419 	EXP 	palabra_txt: autoDraw = True
29.2856 	EXP 	Device response: <KeyPress from None: t=29.282018099998822, value=g, duration=None>
29.2880 	DATA 	Keypress: g
29.2906 	EXP 	fix_cross_practice: autoDraw = False
29.2906 	EXP 	palabra_txt: autoDraw = False
29.2906 	EXP 	feedback_txt: text = '¡Correcto!'
29.2906 	EXP 	feedback_txt: autoDraw = True
29.4323 	EXP 	Device response: <KeyPress from None: t=29.282018099998822, value=g, duration=0.14603180000267457>
30.2792 	EXP 	New trial (rep=0, index=11): <Trial 11 (11 in rep 0) data={'id_p': 7, 'palabra_p': 'IRA', 'emocion_p': 'ira', 'tecla_correcta_p': 'h', 'thisN': 11, 'thisTrialN': 11, 'thisRepN': 0}>
30.2850 	EXP 	feedback_txt: autoDraw = False
30.2850 	EXP 	feedback_txt: autoDraw = False
30.2850 	EXP 	palabra_txt: height = np.float64(0.08)
30.2850 	EXP 	palabra_txt: height = np.float64(0.08)
30.2850 	EXP 	palabra_txt: height = np.float64(0.08)
30.2850 	EXP 	palabra_txt: text = 'IRA'
30.2850 	EXP 	fix_cross_practice: autoDraw = True
30.7796 	INFO 	Keyboard events cleared
30.7790 	EXP 	fix_cross_practice: autoDraw = False
30.7790 	EXP 	palabra_txt: autoDraw = True
31.7471 	EXP 	Device response: <KeyPress from None: t=31.741775000002235, value=h, duration=None>
31.7498 	DATA 	Keypress: h
31.7527 	EXP 	fix_cross_practice: autoDraw = False
31.7527 	EXP 	palabra_txt: autoDraw = False
31.7527 	EXP 	feedback_txt: text = '¡Correcto!'
31.7527 	EXP 	feedback_txt: autoDraw = True
31.9075 	EXP 	Device response: <KeyPress from None: t=31.741775000002235, value=h, duration=0.16257990000303835>
32.7481 	INFO 	Keyboard events cleared
32.7475 	EXP 	feedback_txt: autoDraw = False
32.7475 	EXP 	feedback_txt: autoDraw = False
32.7475 	EXP 	fin_fase_practica_txt: autoDraw = True
33.4929 	EXP 	Device response: <KeyPress from None: t=33.49195740000869, value=space, duration=None>
33.4938 	DATA 	Keypress: space
33.5055 	EXP 	fin_fase_practica_txt: autoDraw = False
33.5055 	EXP 	descanso_txt: autoDraw = True
33.6403 	EXP 	Device response: <KeyPress from None: t=33.49195740000869, value=space, duration=0.1438097999925958>
93.4963 	INFO 	Keyboard events cleared
93.4954 	EXP 	descanso_txt: autoDraw = False
93.4954 	EXP 	descanso_txt: autoDraw = False
93.4954 	EXP 	inicio_fase_experimental_txt: autoDraw = True
96.5714 	EXP 	Device response: <KeyPress from None: t=96.56897550000576, value=space, duration=None>
96.5866 	EXP 	Imported condiciones_experimental.xlsx as conditions, 40 conditions, 4 params
96.5873 	EXP 	New trial (rep=0, index=0): <Trial 0 (0 in rep 0) data={'id': 19, 'imagen': 'media/fear/fear_09.png', 'emocion': 'miedo', 'tecla_correcta': 'j', 'thisN': 0, 'thisTrialN': 0, 'thisRepN': 0}>
96.6419 	DATA 	Keypress: space
96.6436 	EXP 	inicio_fase_experimental_txt: autoDraw = False
96.6436 	EXP 	imagen_experiemental: image = 'media/fear/fear_09.png'
96.6436 	EXP 	fix_cross_experimental: autoDraw = True
96.6500 	EXP 	Device response: <KeyPress from None: t=96.56897550000576, value=space, duration=0.0791356999980053>
97.0668 	INFO 	Keyboard events cleared
97.0665 	EXP 	imagen_experiemental: autoDraw = True
97.1361 	EXP 	fix_cross_experimental: autoDraw = False
99.6225 	EXP 	Device response: <KeyPress from None: t=99.62051890000293, value=g, duration=None>
99.6249 	DATA 	Keypress: g
99.6331 	EXP 	fix_cross_experimental: autoDraw = False
99.6331 	EXP 	imagen_experiemental: autoDraw = False
99.6331 	EXP 	iti_txt: autoDraw = True
99.6963 	EXP 	Device response: <KeyPress from None: t=99.62051890000293, value=g, duration=0.06957960000727326>
100.1210 	EXP 	New trial (rep=0, index=1): <Trial 1 (1 in rep 0) data={'id': 30, 'imagen': 'media/happiness/happiness_10.png', 'emocion': 'alegria', 'tecla_correcta': 'f', 'thisN': 1, 'thisTrialN': 1, 'thisRepN': 0}>
100.1489 	EXP 	iti_txt: autoDraw = False
100.1489 	EXP 	iti_txt: autoDraw = False
100.1489 	EXP 	imagen_experiemental: image = 'media/happiness/happiness_10.png'
100.1489 	EXP 	fix_cross_experimental: autoDraw = True
100.6238 	INFO 	Keyboard events cleared
100.6232 	EXP 	imagen_experiemental: autoDraw = True
100.6440 	EXP 	fix_cross_experimental: autoDraw = False
101.5839 	EXP 	Device response: <KeyPress from None: t=101.58244150000974, value=d, duration=None>
101.5845 	DATA 	Keypress: d
101.6744 	EXP 	Device response: <KeyPress from None: t=101.58244150000974, value=d, duration=0.08997129999625031>
102.0981 	EXP 	Device response: <KeyPress from None: t=102.09413100000529, value=f, duration=None>
102.0994 	DATA 	Keypress: f
102.1047 	EXP 	fix_cross_experimental: autoDraw = False
102.1047 	EXP 	imagen_experiemental: autoDraw = False
102.1047 	EXP 	iti_txt: autoDraw = True
102.2515 	EXP 	Device response: <KeyPress from None: t=102.09413100000529, value=f, duration=0.15506619999359827>
102.5922 	EXP 	New trial (rep=0, index=2): <Trial 2 (2 in rep 0) data={'id': 40, 'imagen': 'media/sadness/sadness_10.png', 'emocion': 'tristeza', 'tecla_correcta': 'g', 'thisN': 2, 'thisTrialN': 2, 'thisRepN': 0}>
102.6127 	EXP 	iti_txt: autoDraw = False
102.6127 	EXP 	iti_txt: autoDraw = False
102.6127 	EXP 	imagen_experiemental: image = 'media/sadness/sadness_10.png'
102.6127 	EXP 	fix_cross_experimental: autoDraw = True
103.0935 	INFO 	Keyboard events cleared
103.0929 	EXP 	imagen_experiemental: autoDraw = True
103.1067 	EXP 	fix_cross_experimental: autoDraw = False
104.3596 	EXP 	Device response: <KeyPress from None: t=104.3549839000043, value=g, duration=None>
104.3607 	DATA 	Keypress: g
104.3658 	EXP 	fix_cross_experimental: autoDraw = False
104.3658 	EXP 	imagen_experiemental: autoDraw = False
104.3658 	EXP 	iti_txt: autoDraw = True
104.4924 	EXP 	Device response: <KeyPress from None: t=104.3549839000043, value=g, duration=0.13487270000041462>
104.8535 	EXP 	New trial (rep=0, index=3): <Trial 3 (3 in rep 0) data={'id': 13, 'imagen': 'media/fear/fear_03.png', 'emocion': 'miedo', 'tecla_correcta': 'j', 'thisN': 3, 'thisTrialN': 3, 'thisRepN': 0}>
104.8971 	EXP 	iti_txt: autoDraw = False
104.8971 	EXP 	iti_txt: autoDraw = False
104.8971 	EXP 	imagen_experiemental: image = 'media/fear/fear_03.png'
104.8971 	EXP 	fix_cross_experimental: autoDraw = True
105.3519 	INFO 	Keyboard events cleared
105.3513 	EXP 	imagen_experiemental: autoDraw = True
105.3931 	EXP 	fix_cross_experimental: autoDraw = False
106.8968 	EXP 	Device response: <KeyPress from None: t=106.89263820000633, value=h, duration=None>
106.8992 	DATA 	Keypress: h
106.9026 	EXP 	fix_cross_experimental: autoDraw = False
106.9026 	EXP 	imagen_experiemental: autoDraw = False
106.9026 	EXP 	iti_txt: autoDraw = True
107.0287 	EXP 	Device response: <KeyPress from None: t=106.89263820000633, value=h, duration=0.13195349999296013>
107.3900 	EXP 	New trial (rep=0, index=4): <Trial 4 (4 in rep 0) data={'id': 23, 'imagen': 'media/happiness/happiness_03.png', 'emocion': 'alegria', 'tecla_correcta': 'f', 'thisN': 4, 'thisTrialN': 4, 'thisRepN': 0}>
107.4246 	EXP 	iti_txt: autoDraw = False
107.4246 	EXP 	iti_txt: autoDraw = False
107.4246 	EXP 	imagen_experiemental: image = 'media/happiness/happiness_03.png'
107.4246 	EXP 	fix_cross_experimental: autoDraw = True
107.8910 	INFO 	Keyboard events cleared
107.8906 	EXP 	imagen_experiemental: autoDraw = True
107.9185 	EXP 	fix_cross_experimental: autoDraw = False
108.4893 	EXP 	Device response: <KeyPress from None: t=108.48762700000952, value=f, duration=None>
108.4902 	DATA 	Keypress: f
108.4957 	EXP 	fix_cross_experimental: autoDraw = False
108.4957 	EXP 	imagen_experiemental: autoDraw = False
108.4957 	EXP 	iti_txt: autoDraw = True
108.6494 	EXP 	Device response: <KeyPress from None: t=108.48762700000952, value=f, duration=0.16006319998996332>
108.9838 	EXP 	New trial (rep=0, index=5): <Trial 5 (5 in rep 0) data={'id': 29, 'imagen': 'media/happiness/happiness_09.png', 'emocion': 'alegria', 'tecla_correcta': 'f', 'thisN': 5, 'thisTrialN': 5, 'thisRepN': 0}>
109.0244 	EXP 	iti_txt: autoDraw = False
109.0244 	EXP 	iti_txt: autoDraw = False
109.0244 	EXP 	imagen_experiemental: image = 'media/happiness/happiness_09.png'
109.0244 	EXP 	fix_cross_experimental: autoDraw = True
109.4817 	INFO 	Keyboard events cleared
109.4814 	EXP 	imagen_experiemental: autoDraw = True
109.5163 	EXP 	fix_cross_experimental: autoDraw = False
110.0802 	EXP 	Device response: <KeyPress from None: t=110.07436589999998, value=f, duration=None>
110.0814 	DATA 	Keypress: f
110.0865 	EXP 	fix_cross_experimental: autoDraw = False
110.0865 	EXP 	imagen_experiemental: autoDraw = False
110.0865 	EXP 	iti_txt: autoDraw = True
110.2551 	EXP 	Device response: <KeyPress from None: t=110.07436589999998, value=f, duration=0.17478810000466183>
110.5741 	EXP 	New trial (rep=0, index=6): <Trial 6 (6 in rep 0) data={'id': 14, 'imagen': 'media/fear/fear_04.png', 'emocion': 'miedo', 'tecla_correcta': 'j', 'thisN': 6, 'thisTrialN': 6, 'thisRepN': 0}>
110.6097 	EXP 	iti_txt: autoDraw = False
110.6097 	EXP 	iti_txt: autoDraw = False
110.6097 	EXP 	imagen_experiemental: image = 'media/fear/fear_04.png'
110.6097 	EXP 	fix_cross_experimental: autoDraw = True
111.0767 	INFO 	Keyboard events cleared
111.0760 	EXP 	imagen_experiemental: autoDraw = True
111.1038 	EXP 	fix_cross_experimental: autoDraw = False
112.5938 	EXP 	Device response: <KeyPress from None: t=112.59073229999922, value=j, duration=None>
112.5965 	DATA 	Keypress: j
112.5993 	EXP 	fix_cross_experimental: autoDraw = False
112.5993 	EXP 	imagen_experiemental: autoDraw = False
112.5993 	EXP 	iti_txt: autoDraw = True
112.7121 	EXP 	Device response: <KeyPress from None: t=112.59073229999922, value=j, duration=0.11821060000511352>
113.0874 	EXP 	New trial (rep=0, index=7): <Trial 7 (7 in rep 0) data={'id': 11, 'imagen': 'media/fear/fear_01.png', 'emocion': 'miedo', 'tecla_correcta': 'j', 'thisN': 7, 'thisTrialN': 7, 'thisRepN': 0}>
113.1272 	EXP 	iti_txt: autoDraw = False
113.1272 	EXP 	iti_txt: autoDraw = False
113.1272 	EXP 	imagen_experiemental: image = 'media/fear/fear_01.png'
113.1272 	EXP 	fix_cross_experimental: autoDraw = True
113.5856 	INFO 	Keyboard events cleared
113.5849 	EXP 	imagen_experiemental: autoDraw = True
113.6197 	EXP 	fix_cross_experimental: autoDraw = False
114.3376 	EXP 	Device response: <KeyPress from None: t=114.33612790000916, value=f, duration=None>
114.3399 	DATA 	Keypress: f
114.3430 	EXP 	fix_cross_experimental: autoDraw = False
114.3430 	EXP 	imagen_experiemental: autoDraw = False
114.3430 	EXP 	iti_txt: autoDraw = True
114.4833 	EXP 	Device response: <KeyPress from None: t=114.33612790000916, value=f, duration=0.14177899999776855>
114.8307 	EXP 	New trial (rep=0, index=8): <Trial 8 (8 in rep 0) data={'id': 7, 'imagen': 'media/anger/anger_07.png', 'emocion': 'ira', 'tecla_correcta': 'h', 'thisN': 8, 'thisTrialN': 8, 'thisRepN': 0}>
114.8697 	EXP 	iti_txt: autoDraw = False
114.8697 	EXP 	iti_txt: autoDraw = False
114.8697 	EXP 	imagen_experiemental: image = 'media/anger/anger_07.png'
114.8697 	EXP 	fix_cross_experimental: autoDraw = True
115.3292 	INFO 	Keyboard events cleared
115.3287 	EXP 	imagen_experiemental: autoDraw = True
115.3634 	EXP 	fix_cross_experimental: autoDraw = False
115.5171 	EXP 	Device response: <KeyPress from None: t=115.51110380000318, value=f, duration=None>
115.5186 	DATA 	Keypress: f
115.5234 	EXP 	fix_cross_experimental: autoDraw = False
115.5234 	EXP 	imagen_experiemental: autoDraw = False
115.5234 	EXP 	iti_txt: autoDraw = True
115.6431 	EXP 	Device response: <KeyPress from None: t=115.51110380000318, value=f, duration=0.12662120000459254>
115.6495 	EXP 	Device response: <KeyPress from None: t=115.64656610001111, value=g, duration=None>
115.6501 	DATA 	Keypress: g
115.7192 	EXP 	Device response: <KeyPress from None: t=115.64656610001111, value=g, duration=0.06788579998828936>
115.8107 	EXP 	Device response: <KeyPress from None: t=115.8090372000006, value=f, duration=None>
115.8117 	DATA 	Keypress: f
115.9356 	EXP 	Device response: <KeyPress from None: t=115.8090372000006, value=f, duration=0.12298450000525918>
116.0120 	EXP 	New trial (rep=0, index=9): <Trial 9 (9 in rep 0) data={'id': 36, 'imagen': 'media/sadness/sadness_06.png', 'emocion': 'tristeza', 'tecla_correcta': 'g', 'thisN': 9, 'thisTrialN': 9, 'thisRepN': 0}>
116.0733 	EXP 	iti_txt: autoDraw = False
116.0733 	EXP 	iti_txt: autoDraw = False
116.0733 	EXP 	imagen_experiemental: image = 'media/sadness/sadness_06.png'
116.0733 	EXP 	fix_cross_experimental: autoDraw = True
116.0879 	EXP 	Device response: <KeyPress from None: t=116.086137899998, value=f, duration=None>
116.0884 	DATA 	Keypress: f
116.1088 	EXP 	Device response: <KeyPress from None: t=116.10415890000877, value=j, duration=None>
116.1093 	DATA 	Keypress: j
116.1716 	EXP 	Device response: <KeyPress from None: t=116.086137899998, value=f, duration=0.08286150000640191>
116.2354 	EXP 	Device response: <KeyPress from None: t=116.10415890000877, value=j, duration=0.12404919999244157>
116.3041 	EXP 	Device response: <KeyPress from None: t=116.29774460000044, value=f, duration=None>
116.3052 	DATA 	Keypress: f
116.3821 	EXP 	Device response: <KeyPress from None: t=116.29774460000044, value=f, duration=0.08235409999906551>
116.5118 	INFO 	Keyboard events cleared
116.5115 	EXP 	imagen_experiemental: autoDraw = True
116.5617 	EXP 	Device response: <KeyPress from None: t=116.5551673000009, value=f, duration=None>
116.5631 	DATA 	Keypress: f
116.5674 	EXP 	fix_cross_experimental: autoDraw = False
116.5674 	EXP 	fix_cross_experimental: autoDraw = False
116.5674 	EXP 	imagen_experiemental: autoDraw = False
116.5674 	EXP 	iti_txt: autoDraw = True
116.6246 	EXP 	Device response: <KeyPress from None: t=116.5551673000009, value=f, duration=0.06713150000723545>
116.7208 	EXP 	Device response: <KeyPress from None: t=116.71365679999872, value=j, duration=None>
116.7214 	DATA 	Keypress: j
116.7768 	EXP 	Device response: <KeyPress from None: t=116.71365679999872, value=j, duration=0.0605039000074612>
117.0477 	EXP 	Device response: <KeyPress from None: t=117.04553930000111, value=j, duration=None>
117.0482 	DATA 	Keypress: j
117.0546 	EXP 	New trial (rep=0, index=10): <Trial 10 (10 in rep 0) data={'id': 16, 'imagen': 'media/fear/fear_06.png', 'emocion': 'miedo', 'tecla_correcta': 'j', 'thisN': 10, 'thisTrialN': 10, 'thisRepN': 0}>
117.0899 	EXP 	iti_txt: autoDraw = False
117.0899 	EXP 	iti_txt: autoDraw = False
117.0899 	EXP 	imagen_experiemental: image = 'media/fear/fear_06.png'
117.0899 	EXP 	fix_cross_experimental: autoDraw = True
117.1394 	EXP 	Device response: <KeyPress from None: t=117.04553930000111, value=j, duration=0.08869360000244342>
117.2306 	EXP 	Device response: <KeyPress from None: t=117.2249196000048, value=f, duration=None>
117.2325 	DATA 	Keypress: f
117.2996 	EXP 	Device response: <KeyPress from None: t=117.2249196000048, value=f, duration=0.06805070000700653>
117.3831 	EXP 	Device response: <KeyPress from None: t=117.37847180000972, value=f, duration=None>
117.3838 	DATA 	Keypress: f
117.4871 	EXP 	Device response: <KeyPress from None: t=117.37847180000972, value=f, duration=0.10615429999597836>
117.5563 	INFO 	Keyboard events cleared
117.5561 	EXP 	imagen_experiemental: autoDraw = True
117.5839 	EXP 	fix_cross_experimental: autoDraw = False
117.6276 	EXP 	Device response: <KeyPress from None: t=117.62410200000159, value=f, duration=None>
117.6295 	DATA 	Keypress: f
117.6328 	EXP 	fix_cross_experimental: autoDraw = False
117.6328 	EXP 	imagen_experiemental: autoDraw = False
117.6328 	EXP 	iti_txt: autoDraw = True
117.7305 	EXP 	Device response: <KeyPress from None: t=117.62410200000159, value=f, duration=0.10281720000784844>
117.8558 	EXP 	Device response: <KeyPress from None: t=117.85035710000375, value=h, duration=None>
117.8563 	DATA 	Keypress: h
117.9328 	EXP 	Device response: <KeyPress from None: t=117.85035710000375, value=h, duration=0.07846960000460967>
117.9676 	EXP 	Device response: <KeyPress from None: t=117.96022870000161, value=f, duration=None>
117.9683 	DATA 	Keypress: f
118.0859 	EXP 	Device response: <KeyPress from None: t=117.96022870000161, value=f, duration=0.11828270000114571>
118.1210 	EXP 	New trial (rep=0, index=11): <Trial 11 (11 in rep 0) data={'id': 32, 'imagen': 'media/sadness/sadness_02.png', 'emocion': 'tristeza', 'tecla_correcta': 'g', 'thisN': 11, 'thisTrialN': 11, 'thisRepN': 0}>
118.1910 	EXP 	iti_txt: autoDraw = False
118.1910 	EXP 	iti_txt: autoDraw = False
118.1910 	EXP 	imagen_experiemental: image = 'media/sadness/sadness_02.png'
118.1910 	EXP 	fix_cross_experimental: autoDraw = True
118.2419 	EXP 	Device response: <KeyPress from None: t=118.23987840001064, value=j, duration=None>
118.2425 	DATA 	Keypress: j
118.3801 	EXP 	Device response: <KeyPress from None: t=118.23987840001064, value=j, duration=0.1345786999881966>
118.6167 	EXP 	Device response: <KeyPress from None: t=118.60968280000088, value=f, duration=None>
118.6183 	DATA 	Keypress: f
118.6242 	INFO 	Keyboard events cleared
118.6234 	EXP 	imagen_experiemental: autoDraw = True
118.6851 	EXP 	fix_cross_experimental: autoDraw = False
118.7427 	EXP 	Device response: <KeyPress from None: t=118.60968280000088, value=f, duration=0.1319740000035381>
118.8874 	EXP 	Device response: <KeyPress from None: t=118.88423239999975, value=j, duration=None>
118.8885 	DATA 	Keypress: j
118.8935 	EXP 	fix_cross_experimental: autoDraw = False
118.8935 	EXP 	imagen_experiemental: autoDraw = False
118.8935 	EXP 	iti_txt: autoDraw = True
118.9782 	EXP 	Device response: <KeyPress from None: t=118.88423239999975, value=j, duration=0.08989280000969302>
119.0128 	EXP 	Device response: <KeyPress from None: t=119.01012380000611, value=f, duration=None>
119.0135 	DATA 	Keypress: f
119.1241 	EXP 	Device response: <KeyPress from None: t=119.01012380000611, value=f, duration=0.11018479999620467>
119.2842 	EXP 	Device response: <KeyPress from None: t=119.27817869999853, value=j, duration=None>
119.2851 	DATA 	Keypress: j
119.3813 	EXP 	New trial (rep=0, index=12): <Trial 12 (12 in rep 0) data={'id': 15, 'imagen': 'media/fear/fear_05.png', 'emocion': 'miedo', 'tecla_correcta': 'j', 'thisN': 12, 'thisTrialN': 12, 'thisRepN': 0}>
119.4092 	EXP 	Device response: <KeyPress from None: t=119.27817869999853, value=j, duration=0.10828570000012405>
119.4147 	EXP 	iti_txt: autoDraw = False
119.4147 	EXP 	iti_txt: autoDraw = False
119.4147 	EXP 	imagen_experiemental: image = 'media/fear/fear_05.png'
119.4147 	EXP 	fix_cross_experimental: autoDraw = True
119.4788 	EXP 	Device response: <KeyPress from None: t=119.47570930000802, value=f, duration=None>
119.4800 	DATA 	Keypress: f
119.5687 	EXP 	Device response: <KeyPress from None: t=119.47570930000802, value=f, duration=0.08850309999252204>
119.7215 	EXP 	Device response: <KeyPress from None: t=119.71543130000646, value=f, duration=None>
119.7220 	DATA 	Keypress: f
119.7911 	EXP 	Device response: <KeyPress from None: t=119.71543130000646, value=f, duration=0.07074490000377409>
119.8814 	INFO 	Keyboard events cleared
119.8809 	EXP 	imagen_experiemental: autoDraw = True
119.9024 	EXP 	Device response: <KeyPress from None: t=119.89775090001058, value=f, duration=None>
119.9039 	DATA 	Keypress: f
119.9087 	EXP 	fix_cross_experimental: autoDraw = False
119.9087 	EXP 	fix_cross_experimental: autoDraw = False
119.9087 	EXP 	imagen_experiemental: autoDraw = False
119.9087 	EXP 	iti_txt: autoDraw = True
119.9930 	EXP 	Device response: <KeyPress from None: t=119.89775090001058, value=f, duration=0.09248680000018794>
120.1110 	EXP 	Device response: <KeyPress from None: t=120.10639650000667, value=f, duration=None>
120.1118 	DATA 	Keypress: f
120.1875 	EXP 	Device response: <KeyPress from None: t=120.10639650000667, value=f, duration=0.07760699999926146>
120.3333 	EXP 	Device response: <KeyPress from None: t=120.330171900001, value=f, duration=None>
120.3337 	DATA 	Keypress: f
120.3958 	EXP 	New trial (rep=0, index=13): <Trial 13 (13 in rep 0) data={'id': 5, 'imagen': 'media/anger/anger_05.png', 'emocion': 'ira', 'tecla_correcta': 'h', 'thisN': 13, 'thisTrialN': 13, 'thisRepN': 0}>
120.4259 	EXP 	Device response: <KeyPress from None: t=120.330171900001, value=f, duration=0.06962260000000242>
120.4309 	EXP 	iti_txt: autoDraw = False
120.4309 	EXP 	iti_txt: autoDraw = False
120.4309 	EXP 	imagen_experiemental: image = 'media/anger/anger_05.png'
120.4309 	EXP 	fix_cross_experimental: autoDraw = True
120.4888 	EXP 	Device response: <KeyPress from None: t=120.486373000007, value=f, duration=None>
120.4895 	DATA 	Keypress: f
120.6059 	EXP 	Device response: <KeyPress from None: t=120.486373000007, value=f, duration=0.1135154999938095>
120.6958 	EXP 	Device response: <KeyPress from None: t=120.69023030000972, value=f, duration=None>
120.6963 	DATA 	Keypress: f
120.7941 	EXP 	Device response: <KeyPress from None: t=120.69023030000972, value=f, duration=0.09782280000217725>
120.8776 	EXP 	Device response: <KeyPress from None: t=120.8743902999995, value=f, duration=None>
120.8786 	DATA 	Keypress: f
120.8979 	INFO 	Keyboard events cleared
120.8973 	EXP 	imagen_experiemental: autoDraw = True
120.9251 	EXP 	fix_cross_experimental: autoDraw = False
121.0648 	EXP 	Device response: <KeyPress from None: t=120.8743902999995, value=f, duration=0.18751210000482388>
121.1276 	EXP 	Device response: <KeyPress from None: t=121.12256490001164, value=g, duration=None>
121.1297 	DATA 	Keypress: g
121.1337 	EXP 	fix_cross_experimental: autoDraw = False
121.1337 	EXP 	imagen_experiemental: autoDraw = False
121.1337 	EXP 	iti_txt: autoDraw = True
121.2322 	EXP 	Device response: <KeyPress from None: t=121.12256490001164, value=g, duration=0.10393149999435991>
121.6211 	EXP 	New trial (rep=0, index=14): <Trial 14 (14 in rep 0) data={'id': 24, 'imagen': 'media/happiness/happiness_04.png', 'emocion': 'alegria', 'tecla_correcta': 'f', 'thisN': 14, 'thisTrialN': 14, 'thisRepN': 0}>
121.6462 	EXP 	iti_txt: autoDraw = False
121.6462 	EXP 	iti_txt: autoDraw = False
121.6462 	EXP 	imagen_experiemental: image = 'media/happiness/happiness_04.png'
121.6462 	EXP 	fix_cross_experimental: autoDraw = True
121.6940 	EXP 	Device response: <KeyPress from None: t=121.69182870000077, value=h, duration=None>
121.6947 	DATA 	Keypress: h
121.7981 	EXP 	Device response: <KeyPress from None: t=121.69182870000077, value=h, duration=0.10260070000367705>
122.1243 	INFO 	Keyboard events cleared
122.1238 	EXP 	imagen_experiemental: autoDraw = True
122.1379 	EXP 	fix_cross_experimental: autoDraw = False
122.3470 	EXP 	Device response: <KeyPress from None: t=122.34368520000135, value=h, duration=None>
122.3488 	DATA 	Keypress: h
122.3534 	EXP 	fix_cross_experimental: autoDraw = False
122.3534 	EXP 	imagen_experiemental: autoDraw = False
122.3534 	EXP 	iti_txt: autoDraw = True
122.4237 	EXP 	Device response: <KeyPress from None: t=122.34368520000135, value=h, duration=0.07674050000787247>
122.8414 	EXP 	New trial (rep=0, index=15): <Trial 15 (15 in rep 0) data={'id': 2, 'imagen': 'media/anger/anger_02.png', 'emocion': 'ira', 'tecla_correcta': 'h', 'thisN': 15, 'thisTrialN': 15, 'thisRepN': 0}>
122.8958 	EXP 	iti_txt: autoDraw = False
122.8958 	EXP 	iti_txt: autoDraw = False
122.8958 	EXP 	imagen_experiemental: image = 'media/anger/anger_02.png'
122.8958 	EXP 	fix_cross_experimental: autoDraw = True
123.3423 	INFO 	Keyboard events cleared
123.3415 	EXP 	imagen_experiemental: autoDraw = True
123.3899 	EXP 	fix_cross_experimental: autoDraw = False
123.5859 	EXP 	Device response: <KeyPress from None: t=123.58489350001037, value=f, duration=None>
123.5870 	DATA 	Keypress: f
123.5916 	EXP 	fix_cross_experimental: autoDraw = False
123.5916 	EXP 	imagen_experiemental: autoDraw = False
123.5916 	EXP 	iti_txt: autoDraw = True
123.6901 	EXP 	Device response: <KeyPress from None: t=123.58489350001037, value=f, duration=0.09957059999578632>
124.0795 	EXP 	New trial (rep=0, index=16): <Trial 16 (16 in rep 0) data={'id': 8, 'imagen': 'media/anger/anger_08.png', 'emocion': 'ira', 'tecla_correcta': 'h', 'thisN': 16, 'thisTrialN': 16, 'thisRepN': 0}>
124.1184 	EXP 	iti_txt: autoDraw = False
124.1184 	EXP 	iti_txt: autoDraw = False
124.1184 	EXP 	imagen_experiemental: image = 'media/anger/anger_08.png'
124.1184 	EXP 	fix_cross_experimental: autoDraw = True
124.5430 	EXP 	Device response: <KeyPress from None: t=124.53677000000607, value=j, duration=None>
124.5435 	DATA 	Keypress: j
124.5781 	INFO 	Keyboard events cleared
124.5774 	EXP 	imagen_experiemental: autoDraw = True
124.6121 	EXP 	fix_cross_experimental: autoDraw = False
124.6498 	EXP 	Device response: <KeyPress from None: t=124.53677000000607, value=j, duration=0.11158029999933206>
124.9964 	EXP 	Device response: <KeyPress from None: t=124.9941247000097, value=j, duration=None>
124.9987 	DATA 	Keypress: j
125.0016 	EXP 	fix_cross_experimental: autoDraw = False
125.0016 	EXP 	imagen_experiemental: autoDraw = False
125.0016 	EXP 	iti_txt: autoDraw = True
125.0786 	EXP 	Device response: <KeyPress from None: t=124.9941247000097, value=j, duration=0.07777749998786021>
125.4894 	EXP 	New trial (rep=0, index=17): <Trial 17 (17 in rep 0) data={'id': 39, 'imagen': 'media/sadness/sadness_09.png', 'emocion': 'tristeza', 'tecla_correcta': 'g', 'thisN': 17, 'thisTrialN': 17, 'thisRepN': 0}>
125.5271 	EXP 	iti_txt: autoDraw = False
125.5271 	EXP 	iti_txt: autoDraw = False
125.5271 	EXP 	imagen_experiemental: image = 'media/sadness/sadness_09.png'
125.5271 	EXP 	fix_cross_experimental: autoDraw = True
125.9939 	INFO 	Keyboard events cleared
125.9933 	EXP 	imagen_experiemental: autoDraw = True
126.0210 	EXP 	fix_cross_experimental: autoDraw = False
126.3348 	EXP 	Device response: <KeyPress from None: t=126.33248409999942, value=g, duration=None>
126.3361 	DATA 	Keypress: g
126.3410 	EXP 	fix_cross_experimental: autoDraw = False
126.3410 	EXP 	imagen_experiemental: autoDraw = False
126.3410 	EXP 	iti_txt: autoDraw = True
126.3838 	EXP 	Device response: <KeyPress from None: t=126.33248409999942, value=g, duration=0.04958489999989979>
126.8288 	EXP 	New trial (rep=0, index=18): <Trial 18 (18 in rep 0) data={'id': 35, 'imagen': 'media/sadness/sadness_05.png', 'emocion': 'tristeza', 'tecla_correcta': 'g', 'thisN': 18, 'thisTrialN': 18, 'thisRepN': 0}>
126.8648 	EXP 	iti_txt: autoDraw = False
126.8648 	EXP 	iti_txt: autoDraw = False
126.8648 	EXP 	imagen_experiemental: image = 'media/sadness/sadness_05.png'
126.8648 	EXP 	fix_cross_experimental: autoDraw = True
127.3314 	INFO 	Keyboard events cleared
127.3310 	EXP 	imagen_experiemental: autoDraw = True
127.3588 	EXP 	fix_cross_experimental: autoDraw = False
127.5124 	EXP 	Device response: <KeyPress from None: t=127.50636490000761, value=j, duration=None>
127.5135 	DATA 	Keypress: j
127.5188 	EXP 	fix_cross_experimental: autoDraw = False
127.5188 	EXP 	imagen_experiemental: autoDraw = False
127.5188 	EXP 	iti_txt: autoDraw = True
127.6445 	EXP 	Device response: <KeyPress from None: t=127.50636490000761, value=j, duration=0.13607510000292677>
128.0065 	EXP 	New trial (rep=0, index=19): <Trial 19 (19 in rep 0) data={'id': 6, 'imagen': 'media/anger/anger_06.png', 'emocion': 'ira', 'tecla_correcta': 'h', 'thisN': 19, 'thisTrialN': 19, 'thisRepN': 0}>
128.0425 	EXP 	iti_txt: autoDraw = False
128.0425 	EXP 	iti_txt: autoDraw = False
128.0425 	EXP 	imagen_experiemental: image = 'media/anger/anger_06.png'
128.0425 	EXP 	fix_cross_experimental: autoDraw = True
128.5094 	INFO 	Keyboard events cleared
128.5088 	EXP 	imagen_experiemental: autoDraw = True
128.5378 	EXP 	fix_cross_experimental: autoDraw = False
128.5939 	EXP 	Device response: <KeyPress from None: t=128.59244670000044, value=f, duration=None>
128.5956 	DATA 	Keypress: f
128.5995 	EXP 	fix_cross_experimental: autoDraw = False
128.5995 	EXP 	imagen_experiemental: autoDraw = False
128.5995 	EXP 	iti_txt: autoDraw = True
128.6706 	EXP 	Device response: <KeyPress from None: t=128.59244670000044, value=f, duration=0.0757510999974329>
129.0877 	EXP 	New trial (rep=0, index=20): <Trial 20 (20 in rep 0) data={'id': 26, 'imagen': 'media/happiness/happiness_06.png', 'emocion': 'alegria', 'tecla_correcta': 'f', 'thisN': 20, 'thisTrialN': 20, 'thisRepN': 0}>
129.1203 	EXP 	iti_txt: autoDraw = False
129.1203 	EXP 	iti_txt: autoDraw = False
129.1203 	EXP 	imagen_experiemental: image = 'media/happiness/happiness_06.png'
129.1203 	EXP 	fix_cross_experimental: autoDraw = True
129.5869 	INFO 	Keyboard events cleared
129.5865 	EXP 	imagen_experiemental: autoDraw = True
129.6143 	EXP 	fix_cross_experimental: autoDraw = False
129.8385 	EXP 	Device response: <KeyPress from None: t=129.83746819999942, value=j, duration=None>
129.8402 	DATA 	Keypress: j
129.8445 	EXP 	fix_cross_experimental: autoDraw = False
129.8445 	EXP 	imagen_experiemental: autoDraw = False
129.8445 	EXP 	iti_txt: autoDraw = True
129.9359 	EXP 	Device response: <KeyPress from None: t=129.83746819999942, value=j, duration=0.09547010000096634>
130.3311 	EXP 	New trial (rep=0, index=21): <Trial 21 (21 in rep 0) data={'id': 28, 'imagen': 'media/happiness/happiness_08.png', 'emocion': 'alegria', 'tecla_correcta': 'f', 'thisN': 21, 'thisTrialN': 21, 'thisRepN': 0}>
130.3701 	EXP 	iti_txt: autoDraw = False
130.3701 	EXP 	iti_txt: autoDraw = False
130.3701 	EXP 	imagen_experiemental: image = 'media/happiness/happiness_08.png'
130.3701 	EXP 	fix_cross_experimental: autoDraw = True
130.8305 	INFO 	Keyboard events cleared
130.8296 	EXP 	imagen_experiemental: autoDraw = True
130.8450 	EXP 	Device response: <KeyPress from None: t=130.8427403000096, value=f, duration=None>
130.8469 	DATA 	Keypress: f
130.8515 	EXP 	fix_cross_experimental: autoDraw = False
130.8515 	EXP 	imagen_experiemental: autoDraw = False
130.8515 	EXP 	iti_txt: autoDraw = True
130.9342 	EXP 	Device response: <KeyPress from None: t=130.8427403000096, value=f, duration=0.08782299999438692>
131.3377 	EXP 	New trial (rep=0, index=22): <Trial 22 (22 in rep 0) data={'id': 25, 'imagen': 'media/happiness/happiness_05.png', 'emocion': 'alegria', 'tecla_correcta': 'f', 'thisN': 22, 'thisTrialN': 22, 'thisRepN': 0}>
131.3639 	EXP 	iti_txt: autoDraw = False
131.3639 	EXP 	iti_txt: autoDraw = False
131.3639 	EXP 	imagen_experiemental: image = 'media/happiness/happiness_05.png'
131.3639 	EXP 	fix_cross_experimental: autoDraw = True
131.8409 	INFO 	Keyboard events cleared
131.8404 	EXP 	imagen_experiemental: autoDraw = True
131.8543 	EXP 	fix_cross_experimental: autoDraw = False
132.4079 	EXP 	Device response: <KeyPress from None: t=132.40524630001164, value=f, duration=None>
132.4088 	DATA 	Keypress: f
132.4178 	EXP 	fix_cross_experimental: autoDraw = False
132.4178 	EXP 	imagen_experiemental: autoDraw = False
132.4178 	EXP 	iti_txt: autoDraw = True
132.5093 	EXP 	Device response: <KeyPress from None: t=132.40524630001164, value=f, duration=0.100209399999585>
132.9051 	EXP 	New trial (rep=0, index=23): <Trial 23 (23 in rep 0) data={'id': 27, 'imagen': 'media/happiness/happiness_07.png', 'emocion': 'alegria', 'tecla_correcta': 'f', 'thisN': 23, 'thisTrialN': 23, 'thisRepN': 0}>
132.9470 	EXP 	iti_txt: autoDraw = False
132.9470 	EXP 	iti_txt: autoDraw = False
132.9470 	EXP 	imagen_experiemental: image = 'media/happiness/happiness_07.png'
132.9470 	EXP 	fix_cross_experimental: autoDraw = True
133.4042 	INFO 	Keyboard events cleared
133.4035 	EXP 	imagen_experiemental: autoDraw = True
133.4382 	EXP 	fix_cross_experimental: autoDraw = False
135.8730 	EXP 	Device response: <KeyPress from None: t=135.86781209999754, value=f, duration=None>
135.8742 	DATA 	Keypress: f
135.8795 	EXP 	fix_cross_experimental: autoDraw = False
135.8795 	EXP 	imagen_experiemental: autoDraw = False
135.8795 	EXP 	iti_txt: autoDraw = True
136.0820 	EXP 	Device response: <KeyPress from None: t=135.86781209999754, value=f, duration=0.20756960001017433>
136.3668 	EXP 	New trial (rep=0, index=24): <Trial 24 (24 in rep 0) data={'id': 18, 'imagen': 'media/fear/fear_08.png', 'emocion': 'miedo', 'tecla_correcta': 'j', 'thisN': 24, 'thisTrialN': 24, 'thisRepN': 0}>
136.3851 	EXP 	iti_txt: autoDraw = False
136.3851 	EXP 	iti_txt: autoDraw = False
136.3851 	EXP 	imagen_experiemental: image = 'media/fear/fear_08.png'
136.3851 	EXP 	fix_cross_experimental: autoDraw = True
136.8656 	INFO 	Keyboard events cleared
136.8652 	EXP 	imagen_experiemental: autoDraw = True
136.8791 	EXP 	fix_cross_experimental: autoDraw = False
138.3196 	EXP 	Device response: <KeyPress from None: t=138.31421090000367, value=f, duration=None>
138.3214 	DATA 	Keypress: f
138.3259 	EXP 	fix_cross_experimental: autoDraw = False
138.3259 	EXP 	imagen_experiemental: autoDraw = False
138.3259 	EXP 	iti_txt: autoDraw = True
138.4242 	EXP 	Device response: <KeyPress from None: t=138.31421090000367, value=f, duration=0.10583770000084769>
138.8139 	EXP 	New trial (rep=0, index=25): <Trial 25 (25 in rep 0) data={'id': 10, 'imagen': 'media/anger/anger_10.png', 'emocion': 'ira', 'tecla_correcta': 'h', 'thisN': 25, 'thisTrialN': 25, 'thisRepN': 0}>
138.8360 	EXP 	iti_txt: autoDraw = False
138.8360 	EXP 	iti_txt: autoDraw = False
138.8360 	EXP 	imagen_experiemental: image = 'media/anger/anger_10.png'
138.8360 	EXP 	fix_cross_experimental: autoDraw = True
139.3165 	INFO 	Keyboard events cleared
139.3161 	EXP 	imagen_experiemental: autoDraw = True
139.3300 	EXP 	fix_cross_experimental: autoDraw = False
139.9925 	EXP 	Device response: <KeyPress from None: t=139.99115190000157, value=g, duration=None>
139.9941 	DATA 	Keypress: g
140.0046 	EXP 	fix_cross_experimental: autoDraw = False
140.0046 	EXP 	imagen_experiemental: autoDraw = False
140.0046 	EXP 	iti_txt: autoDraw = True
140.0966 	EXP 	Device response: <KeyPress from None: t=139.99115190000157, value=g, duration=0.1031558000104269>
140.4926 	EXP 	New trial (rep=0, index=26): <Trial 26 (26 in rep 0) data={'id': 12, 'imagen': 'media/fear/fear_02.png', 'emocion': 'miedo', 'tecla_correcta': 'j', 'thisN': 26, 'thisTrialN': 26, 'thisRepN': 0}>
140.5342 	EXP 	iti_txt: autoDraw = False
140.5342 	EXP 	iti_txt: autoDraw = False
140.5342 	EXP 	imagen_experiemental: image = 'media/fear/fear_02.png'
140.5342 	EXP 	fix_cross_experimental: autoDraw = True
140.9908 	INFO 	Keyboard events cleared
140.9902 	EXP 	imagen_experiemental: autoDraw = True
141.0252 	EXP 	fix_cross_experimental: autoDraw = False
141.2759 	EXP 	Device response: <KeyPress from None: t=141.27254640001047, value=f, duration=None>
141.2771 	DATA 	Keypress: f
141.2823 	EXP 	fix_cross_experimental: autoDraw = False
141.2823 	EXP 	imagen_experiemental: autoDraw = False
141.2823 	EXP 	iti_txt: autoDraw = True
141.4442 	EXP 	Device response: <KeyPress from None: t=141.27254640001047, value=f, duration=0.16986650000035297>
141.7703 	EXP 	New trial (rep=0, index=27): <Trial 27 (27 in rep 0) data={'id': 4, 'imagen': 'media/anger/anger_04.png', 'emocion': 'ira', 'tecla_correcta': 'h', 'thisN': 27, 'thisTrialN': 27, 'thisRepN': 0}>
141.8096 	EXP 	iti_txt: autoDraw = False
141.8096 	EXP 	iti_txt: autoDraw = False
141.8096 	EXP 	imagen_experiemental: image = 'media/anger/anger_04.png'
141.8096 	EXP 	fix_cross_experimental: autoDraw = True
142.2685 	INFO 	Keyboard events cleared
142.2681 	EXP 	imagen_experiemental: autoDraw = True
142.3029 	EXP 	fix_cross_experimental: autoDraw = False
142.7628 	EXP 	Device response: <KeyPress from None: t=142.7609980999987, value=f, duration=None>
142.7642 	DATA 	Keypress: f
142.7690 	EXP 	fix_cross_experimental: autoDraw = False
142.7690 	EXP 	imagen_experiemental: autoDraw = False
142.7690 	EXP 	iti_txt: autoDraw = True
142.9230 	EXP 	Device response: <KeyPress from None: t=142.7609980999987, value=f, duration=0.15926310000941157>
143.2565 	EXP 	New trial (rep=0, index=28): <Trial 28 (28 in rep 0) data={'id': 37, 'imagen': 'media/sadness/sadness_07.png', 'emocion': 'tristeza', 'tecla_correcta': 'g', 'thisN': 28, 'thisTrialN': 28, 'thisRepN': 0}>
143.2900 	EXP 	iti_txt: autoDraw = False
143.2900 	EXP 	iti_txt: autoDraw = False
143.2900 	EXP 	imagen_experiemental: image = 'media/sadness/sadness_07.png'
143.2900 	EXP 	fix_cross_experimental: autoDraw = True
143.7570 	INFO 	Keyboard events cleared
143.7565 	EXP 	imagen_experiemental: autoDraw = True
143.7842 	EXP 	fix_cross_experimental: autoDraw = False
143.8061 	EXP 	Device response: <KeyPress from None: t=143.79989500000374, value=j, duration=None>
143.8084 	DATA 	Keypress: j
143.8123 	EXP 	fix_cross_experimental: autoDraw = False
143.8123 	EXP 	imagen_experiemental: autoDraw = False
143.8123 	EXP 	iti_txt: autoDraw = True
143.9326 	EXP 	Device response: <KeyPress from None: t=143.79989500000374, value=j, duration=0.13102960000105668>
144.3000 	EXP 	New trial (rep=0, index=29): <Trial 29 (29 in rep 0) data={'id': 38, 'imagen': 'media/sadness/sadness_08.png', 'emocion': 'tristeza', 'tecla_correcta': 'g', 'thisN': 29, 'thisTrialN': 29, 'thisRepN': 0}>
144.3380 	EXP 	iti_txt: autoDraw = False
144.3380 	EXP 	iti_txt: autoDraw = False
144.3380 	EXP 	imagen_experiemental: image = 'media/sadness/sadness_08.png'
144.3380 	EXP 	fix_cross_experimental: autoDraw = True
144.7980 	INFO 	Keyboard events cleared
144.7973 	EXP 	imagen_experiemental: autoDraw = True
144.8322 	EXP 	fix_cross_experimental: autoDraw = False
144.9447 	EXP 	Device response: <KeyPress from None: t=144.941544900008, value=h, duration=None>
144.9471 	DATA 	Keypress: h
144.9506 	EXP 	fix_cross_experimental: autoDraw = False
144.9506 	EXP 	imagen_experiemental: autoDraw = False
144.9506 	EXP 	iti_txt: autoDraw = True
145.1390 	EXP 	Device response: <KeyPress from None: t=144.941544900008, value=h, duration=0.1909723999997368>
145.4385 	EXP 	New trial (rep=0, index=30): <Trial 30 (30 in rep 0) data={'id': 17, 'imagen': 'media/fear/fear_07.png', 'emocion': 'miedo', 'tecla_correcta': 'j', 'thisN': 30, 'thisTrialN': 30, 'thisRepN': 0}>
145.4716 	EXP 	iti_txt: autoDraw = False
145.4716 	EXP 	iti_txt: autoDraw = False
145.4716 	EXP 	imagen_experiemental: image = 'media/fear/fear_07.png'
145.4716 	EXP 	fix_cross_experimental: autoDraw = True
145.7929 	EXP 	Device response: <KeyPress from None: t=145.7863703000039, value=h, duration=None>
145.7937 	DATA 	Keypress: h
145.9386 	INFO 	Keyboard events cleared
145.9380 	EXP 	imagen_experiemental: autoDraw = True
145.9658 	EXP 	fix_cross_experimental: autoDraw = False
145.9677 	EXP 	Device response: <KeyPress from None: t=145.7863703000039, value=h, duration=0.17977450000762474>
146.3842 	EXP 	Device response: <KeyPress from None: t=146.37867580000602, value=g, duration=None>
146.3866 	DATA 	Keypress: g
146.3910 	EXP 	fix_cross_experimental: autoDraw = False
146.3910 	EXP 	imagen_experiemental: autoDraw = False
146.3910 	EXP 	iti_txt: autoDraw = True
146.4395 	EXP 	Device response: <KeyPress from None: t=146.37867580000602, value=g, duration=0.058294599992223084>
146.8780 	EXP 	New trial (rep=0, index=31): <Trial 31 (31 in rep 0) data={'id': 31, 'imagen': 'media/sadness/sadness_01.png', 'emocion': 'tristeza', 'tecla_correcta': 'g', 'thisN': 31, 'thisTrialN': 31, 'thisRepN': 0}>
146.9255 	EXP 	iti_txt: autoDraw = False
146.9255 	EXP 	iti_txt: autoDraw = False
146.9255 	EXP 	imagen_experiemental: image = 'media/sadness/sadness_01.png'
146.9255 	EXP 	fix_cross_experimental: autoDraw = True
147.3781 	INFO 	Keyboard events cleared
147.3778 	EXP 	imagen_experiemental: autoDraw = True
147.4196 	EXP 	fix_cross_experimental: autoDraw = False
147.5807 	EXP 	Device response: <KeyPress from None: t=147.57397070000297, value=h, duration=None>
147.5838 	DATA 	Keypress: h
147.5867 	EXP 	fix_cross_experimental: autoDraw = False
147.5867 	EXP 	imagen_experiemental: autoDraw = False
147.5867 	EXP 	iti_txt: autoDraw = True
147.6847 	EXP 	Device response: <KeyPress from None: t=147.57397070000297, value=h, duration=0.10841499999514781>
148.0743 	EXP 	New trial (rep=0, index=32): <Trial 32 (32 in rep 0) data={'id': 22, 'imagen': 'media/happiness/happiness_02.png', 'emocion': 'alegria', 'tecla_correcta': 'f', 'thisN': 32, 'thisTrialN': 32, 'thisRepN': 0}>
148.1138 	EXP 	iti_txt: autoDraw = False
148.1138 	EXP 	iti_txt: autoDraw = False
148.1138 	EXP 	imagen_experiemental: image = 'media/happiness/happiness_02.png'
148.1138 	EXP 	fix_cross_experimental: autoDraw = True
148.5728 	INFO 	Keyboard events cleared
148.5722 	EXP 	imagen_experiemental: autoDraw = True
148.6070 	EXP 	fix_cross_experimental: autoDraw = False
148.8163 	EXP 	Device response: <KeyPress from None: t=148.81032050000795, value=j, duration=None>
148.8176 	DATA 	Keypress: j
148.8226 	EXP 	fix_cross_experimental: autoDraw = False
148.8226 	EXP 	imagen_experiemental: autoDraw = False
148.8226 	EXP 	iti_txt: autoDraw = True
148.9485 	EXP 	Device response: <KeyPress from None: t=148.81032050000795, value=j, duration=0.13195270000142045>
149.3099 	EXP 	New trial (rep=0, index=33): <Trial 33 (33 in rep 0) data={'id': 1, 'imagen': 'media/anger/anger_01.png', 'emocion': 'ira', 'tecla_correcta': 'h', 'thisN': 33, 'thisTrialN': 33, 'thisRepN': 0}>
149.3411 	EXP 	iti_txt: autoDraw = False
149.3411 	EXP 	iti_txt: autoDraw = False
149.3411 	EXP 	imagen_experiemental: image = 'media/anger/anger_01.png'
149.3411 	EXP 	fix_cross_experimental: autoDraw = True
149.8076 	INFO 	Keyboard events cleared
149.8072 	EXP 	imagen_experiemental: autoDraw = True
149.8350 	EXP 	fix_cross_experimental: autoDraw = False
149.8566 	EXP 	Device response: <KeyPress from None: t=149.85078480000084, value=f, duration=None>
149.8583 	DATA 	Keypress: f
149.8630 	EXP 	fix_cross_experimental: autoDraw = False
149.8630 	EXP 	imagen_experiemental: autoDraw = False
149.8630 	EXP 	iti_txt: autoDraw = True
150.0240 	EXP 	Device response: <KeyPress from None: t=149.85078480000084, value=f, duration=0.1692827000078978>
150.3506 	EXP 	New trial (rep=0, index=34): <Trial 34 (34 in rep 0) data={'id': 33, 'imagen': 'media/sadness/sadness_03.png', 'emocion': 'tristeza', 'tecla_correcta': 'g', 'thisN': 34, 'thisTrialN': 34, 'thisRepN': 0}>
150.3988 	EXP 	iti_txt: autoDraw = False
150.3988 	EXP 	iti_txt: autoDraw = False
150.3988 	EXP 	imagen_experiemental: image = 'media/sadness/sadness_03.png'
150.3988 	EXP 	fix_cross_experimental: autoDraw = True
150.6916 	EXP 	Device response: <KeyPress from None: t=150.68647070000588, value=j, duration=None>
150.6921 	DATA 	Keypress: j
150.8238 	EXP 	Device response: <KeyPress from None: t=150.68647070000588, value=j, duration=0.13565339999331627>
150.8514 	INFO 	Keyboard events cleared
150.8510 	EXP 	imagen_experiemental: autoDraw = True
150.8927 	EXP 	fix_cross_experimental: autoDraw = False
151.1727 	EXP 	Device response: <KeyPress from None: t=151.17044450000685, value=f, duration=None>
151.1749 	DATA 	Keypress: f
151.1791 	EXP 	fix_cross_experimental: autoDraw = False
151.1791 	EXP 	imagen_experiemental: autoDraw = False
151.1791 	EXP 	iti_txt: autoDraw = True
151.2829 	EXP 	Device response: <KeyPress from None: t=151.17044450000685, value=f, duration=0.11032029999478254>
151.6657 	EXP 	New trial (rep=0, index=35): <Trial 35 (35 in rep 0) data={'id': 20, 'imagen': 'media/fear/fear_10.png', 'emocion': 'miedo', 'tecla_correcta': 'j', 'thisN': 35, 'thisTrialN': 35, 'thisRepN': 0}>
151.7129 	EXP 	iti_txt: autoDraw = False
151.7129 	EXP 	iti_txt: autoDraw = False
151.7129 	EXP 	imagen_experiemental: image = 'media/fear/fear_10.png'
151.7129 	EXP 	fix_cross_experimental: autoDraw = True
152.1659 	INFO 	Keyboard events cleared
152.1652 	EXP 	imagen_experiemental: autoDraw = True
152.2068 	EXP 	fix_cross_experimental: autoDraw = False
152.4444 	EXP 	Device response: <KeyPress from None: t=152.43843700000434, value=g, duration=None>
152.4469 	DATA 	Keypress: g
152.4511 	EXP 	fix_cross_experimental: autoDraw = False
152.4511 	EXP 	imagen_experiemental: autoDraw = False
152.4511 	EXP 	iti_txt: autoDraw = True
152.5558 	EXP 	Device response: <KeyPress from None: t=152.43843700000434, value=g, duration=0.11358400000608526>
152.9389 	EXP 	New trial (rep=0, index=36): <Trial 36 (36 in rep 0) data={'id': 34, 'imagen': 'media/sadness/sadness_04.png', 'emocion': 'tristeza', 'tecla_correcta': 'g', 'thisN': 36, 'thisTrialN': 36, 'thisRepN': 0}>
152.9925 	EXP 	iti_txt: autoDraw = False
152.9925 	EXP 	iti_txt: autoDraw = False
152.9925 	EXP 	imagen_experiemental: image = 'media/sadness/sadness_04.png'
152.9925 	EXP 	fix_cross_experimental: autoDraw = True
153.1891 	EXP 	Device response: <KeyPress from None: t=153.18621350001195, value=f, duration=None>
153.1901 	DATA 	Keypress: f
153.3416 	EXP 	Device response: <KeyPress from None: t=153.18621350001195, value=f, duration=0.14967719999549445>
153.4389 	INFO 	Keyboard events cleared
153.4381 	EXP 	imagen_experiemental: autoDraw = True
153.4866 	EXP 	fix_cross_experimental: autoDraw = False
153.5505 	EXP 	Device response: <KeyPress from None: t=153.5486138999986, value=f, duration=None>
153.5528 	DATA 	Keypress: f
153.5562 	EXP 	fix_cross_experimental: autoDraw = False
153.5562 	EXP 	imagen_experiemental: autoDraw = False
153.5562 	EXP 	iti_txt: autoDraw = True
153.6825 	EXP 	Device response: <KeyPress from None: t=153.5486138999986, value=f, duration=0.12735190000967123>
154.0437 	EXP 	New trial (rep=0, index=37): <Trial 37 (37 in rep 0) data={'id': 21, 'imagen': 'media/happiness/happiness_01.png', 'emocion': 'alegria', 'tecla_correcta': 'f', 'thisN': 37, 'thisTrialN': 37, 'thisRepN': 0}>
154.0755 	EXP 	iti_txt: autoDraw = False
154.0755 	EXP 	iti_txt: autoDraw = False
154.0755 	EXP 	imagen_experiemental: image = 'media/happiness/happiness_01.png'
154.0755 	EXP 	fix_cross_experimental: autoDraw = True
154.1957 	EXP 	Device response: <KeyPress from None: t=154.1887379000109, value=g, duration=None>
154.1968 	DATA 	Keypress: g
154.2927 	EXP 	Device response: <KeyPress from None: t=154.1887379000109, value=g, duration=0.1014498000004096>
154.5420 	INFO 	Keyboard events cleared
154.5417 	EXP 	imagen_experiemental: autoDraw = True
154.5696 	EXP 	fix_cross_experimental: autoDraw = False
154.7443 	EXP 	Device response: <KeyPress from None: t=154.74044950000825, value=f, duration=None>
154.7460 	DATA 	Keypress: f
154.7504 	EXP 	fix_cross_experimental: autoDraw = False
154.7504 	EXP 	imagen_experiemental: autoDraw = False
154.7504 	EXP 	iti_txt: autoDraw = True
154.9250 	EXP 	Device response: <KeyPress from None: t=154.74044950000825, value=f, duration=0.17983569999341853>
155.2388 	EXP 	New trial (rep=0, index=38): <Trial 38 (38 in rep 0) data={'id': 9, 'imagen': 'media/anger/anger_09.png', 'emocion': 'ira', 'tecla_correcta': 'h', 'thisN': 38, 'thisTrialN': 38, 'thisRepN': 0}>
155.2869 	EXP 	iti_txt: autoDraw = False
155.2869 	EXP 	iti_txt: autoDraw = False
155.2869 	EXP 	imagen_experiemental: image = 'media/anger/anger_09.png'
155.2869 	EXP 	fix_cross_experimental: autoDraw = True
155.5764 	DATA 	Keypress: g
155.5804 	EXP 	Device response: <KeyPress from None: t=155.573395600004, value=g, duration=None>
155.6774 	EXP 	Device response: <KeyPress from None: t=155.573395600004, value=g, duration=0.09918829999514855>
155.7398 	INFO 	Keyboard events cleared
155.7393 	EXP 	imagen_experiemental: autoDraw = True
155.7809 	EXP 	fix_cross_experimental: autoDraw = False
155.9854 	EXP 	Device response: <KeyPress from None: t=155.98242090000713, value=g, duration=None>
155.9884 	DATA 	Keypress: g
155.9911 	EXP 	fix_cross_experimental: autoDraw = False
155.9911 	EXP 	imagen_experiemental: autoDraw = False
155.9911 	EXP 	iti_txt: autoDraw = True
156.0954 	EXP 	Device response: <KeyPress from None: t=155.98242090000713, value=g, duration=0.1062272999988636>
156.4703 	EXP 	Device response: <KeyPress from None: t=156.46895150000637, value=g, duration=None>
156.4708 	DATA 	Keypress: g
156.4772 	EXP 	New trial (rep=0, index=39): <Trial 39 (39 in rep 0) data={'id': 3, 'imagen': 'media/anger/anger_03.png', 'emocion': 'ira', 'tecla_correcta': 'h', 'thisN': 39, 'thisTrialN': 39, 'thisRepN': 0}>
156.5251 	EXP 	iti_txt: autoDraw = False
156.5251 	EXP 	iti_txt: autoDraw = False
156.5251 	EXP 	imagen_experiemental: image = 'media/anger/anger_03.png'
156.5251 	EXP 	fix_cross_experimental: autoDraw = True
156.5956 	EXP 	Device response: <KeyPress from None: t=156.46895150000637, value=g, duration=0.122180299993488>
156.9762 	DATA 	Keypress: g
156.9776 	INFO 	Keyboard events cleared
156.9773 	EXP 	imagen_experiemental: autoDraw = True
157.0192 	EXP 	fix_cross_experimental: autoDraw = False
157.0760 	EXP 	Device response: <KeyPress from None: t=157.06994440000562, value=g, duration=None>
157.0833 	EXP 	fix_cross_experimental: autoDraw = False
157.0833 	EXP 	imagen_experiemental: autoDraw = False
157.0833 	EXP 	iti_txt: autoDraw = True
157.2214 	EXP 	Device response: <KeyPress from None: t=157.2162105000025, value=f, duration=None>
157.2218 	DATA 	Keypress: f
157.3953 	EXP 	Device response: <KeyPress from None: t=157.2162105000025, value=f, duration=0.17402010000660084>
157.5755 	EXP 	iti_txt: autoDraw = False
157.5755 	EXP 	iti_txt: autoDraw = False
157.5755 	EXP 	fin_experimento_txt: autoDraw = True
157.7432 	EXP 	Device response: <KeyPress from None: t=157.73980760000995, value=f, duration=None>
157.7439 	DATA 	Keypress: f
157.8617 	EXP 	Device response: <KeyPress from None: t=157.73980760000995, value=f, duration=0.11612130000139587>
158.6474 	EXP 	Device response: <KeyPress from None: t=158.64115740000852, value=f, duration=None>
158.6481 	DATA 	Keypress: f
158.7659 	EXP 	Device response: <KeyPress from None: t=158.64115740000852, value=f, duration=0.12135629999102093>
159.5376 	EXP 	Device response: <KeyPress from None: t=159.5335641999991, value=f, duration=None>
159.5382 	DATA 	Keypress: f
159.6978 	EXP 	Device response: <KeyPress from None: t=159.5335641999991, value=f, duration=0.16031070001190528>
160.0472 	EXP 	Device response: <KeyPress from None: t=160.0442541000084, value=f, duration=None>
160.0482 	DATA 	Keypress: f
160.1640 	EXP 	Device response: <KeyPress from None: t=160.0442541000084, value=f, duration=0.11376409999502357>
160.5393 	EXP 	Device response: <KeyPress from None: t=160.53660770000715, value=g, duration=None>
160.5399 	DATA 	Keypress: g
160.5665 	EXP 	fin_experimento_txt: autoDraw = False
160.5665 	EXP 	fin_experimento_txt: autoDraw = False
160.5666 	EXP 	categorizacion_emocional: status = STOPPED
160.5864 	INFO 	saved data to 'C:\\Users\\Marcelo\\Desktop\\categorizacion_emocional\\data\\marcelo_categorizacion_emocional_2026-03-20_10h46.05.138.csv'
160.5877 	INFO 	saved data to C:\Users\Marcelo\Desktop\categorizacion_emocional\data\marcelo_categorizacion_emocional_2026-03-20_10h46.05.138.psydat
